- 1 -
入
札
説
明
書
関東地方整備局のＲ６東京国道管内改築保全工事に係る入札公告（建設工事）に基づく一
般競争入札等については、関係法令に定めるもののほか、この入札説明書によるものとする。
本工事は、総合評価落札方式（施工能力評価型Ⅱ型）「難工事指定の試行工事」、「建設
業法第26条第3項ただし書の規定の適用を受ける監理技術者（以下、「特例監理技術者」とい
う。）の配置を認める工事」である。
また、本工事は、賃上げを実施する企業に対して総合評価における加点を行う工事である。
令和４年４月１日より、施工体制確認及び低入札価格調査に関する調査基準の計算式が改
定された（詳細は別紙参照）。
なお、本入札に係る落札者の決定及び契約締結は、当該工事に係る令和６年度本予算が成
立し、予算示達がなされることを条件とするものです。
１．公告日
令和６年１月３１日
２．契約担当官等
分任支出負担行為担当官
関東地方整備局
東京国道事務所長
石井
宏明
東京都千代田区九段南１－２－１
九段第３合同庁舎
３．工事概要
（１）工事名
Ｒ６東京国道管内改築保全工事（電子入札対象案件）
（電子契約対象案件）
（２）工事場所
東京都千代田区霞が関一丁目～東京都港区虎ノ門一丁目
他６箇所
（３）工事内容
別冊図面及び別冊仕様書のとおり
（４）工期
令和６年４月１日から令和７年３月３１日まで
（５）資料
①別冊図面
②別冊仕様書
（６）本工事は、入札時に「企業・配置予定技術者の技術力」、「賃上げの実施に関する
評価」について記述した、競争参加資格確認申請書（以下「申請書」という。）及び
競争参加資格確認資料（以下「資料」という。）を受け付け、価格と価格以外の要素
を総合的に評価して落札者を決定する総合評価落札方式（施工能力評価型Ⅱ型）の工
事である。また、品質確保のための体制その他の施工体制の確保状況を確認し、施工
内容を確実に実現できるかどうかについて審査し、評価を行う施工体制確認型総合評
価落札方式の試行工事である。また、本工事は、契約締結後に施工方法等の提案を受
け付ける契約後ＶＥ方式の試行工事である。
（７）本工事は申請書及び資料の提出、入札を電子入札システムで行う対象工事である。
ただし、以下の点に留意すること。
①当初より、電子入札システムによりがたいものは、発注者の承諾を得て紙入札方式
に代えるので、下記により提出すること。なお、その際は下記提出先に連絡するこ
と。
提出方法：紙入札方式参加承諾願を郵送、託送又は電子メール（書留郵便等、記
録の残るものに限る。電子メールの場合は着信確認を行うこと。以下
「郵送等」という。）するものとし、持参は認めない。ただし、電子
- 2 -
メールによる場合は、押印省略をする場合に限り認めるものとし、押印
省略をする場合は、本件責任者及び担当者等の必要事項を必ず記入する
こと。
提出先：関東地方整備局
東京国道事務所
経理課
〒１０２－８３４０
東京都千代田区九段南１－２－１
九段第３合同庁舎１６階
電話
０３－３５１２－９０９１
受付期間：別表－１のとおり。
②電子入札システムによる手続に入った後に、紙入札方式への変更は認めないものと
するが、応札者側に止むを得ない事情があり、全体入札手続に影響がないと発注者
が認めた場合に限り例外的に認めるものとする。
③以下、本入札説明書において、これまでの紙入札方式による場合の記述部分は全て
上記の発注者の承諾を前提に行われるものである。
（８）本発注工事は、別表－２に示す試行等の対象工事である。
４．競争参加資格
（１）予算決算及び会計令（昭和22年勅令第165号）（以下「予決令」という。）第７０条
及び第７１条の規定に該当しない者であること。
（２）関東地方整備局（港湾空港関係を除く。）令和５・６年度一般競争（指名競争）参
加資格業者のうち維持修繕工事に認定されている者であること（会社更生法（平成14
年法律第154号）に基づき更生手続開始の申立てがなされている者又は民事再生法（平
成11年法律第225号）に基づき再生手続開始の申立てがなされている者については、手
続開始の決定後、関東地方整備局長（以下「局長」という。）が別に定める手続きに
基づく一般競争（指名競争）参加資格の再認定を受けていること。）。
（３）会社更生法に基づき、更生手続開始の申立てがなされている者又は民事再生法に基
づき再生手続開始の申立てがなされている者（（２）の再認定を受けた者を除く。）
でないこと。
（４）東京都内に建設業法に基づく本店、支店又は営業所を有すること。（経常建設共同
企業体にあっては、経常建設共同企業体協定書第３条に記載されている事務所の所在
地が東京都内であること。ただし、当該事務所が当該経常建設共同企業体の構成員の
建設業法に基づく本店、支店、営業所の場合であること。）
（５）別表－１の期間に、元請けとして完成・引渡しが完了した下記の要件を満たす同種
工事の施工実績を有すること。（共同企業体の構成員としての実績は、出資比率20％
以上の場合のものに限る。（ただし、異工種建設工事共同企業体については適用しな
い。））
（ア）道路の維持・修繕を行った工事であること。
（イ）市街地地域（ＤＩＤ地域）で、供用中の道路において夜間に交通を確保しな
がら交通規制（車線規制、又は片側交互通行）を行った工事であること。
上記（ア）、（イ）は同一工事でなくてもよい。
ただし、申請できる同種工事の施工実績は２件までとし、これを超える件数の施工
実績を申請した場合は、申請されたすべての工事を実績として認めない。
なお、当該実績が大臣官房官庁営繕部所掌の工事又は地方整備局等所掌の工事（地
方整備局、北海道開発局または沖縄総合事務局の発注した工事を含み、港湾空港関係
を除く。）に係るものにあっては、評定点合計（工事成績評定通知書の記４．成績評
- 3 -
定①の評定点（評定点が修正された場合にあっては、修正評定点）をいう。）が65点
未満のものを除く。
経常建設共同企業体にあっては、構成員のうち１社が上記の施工実績を有し、他の
構成員は下記の施工実績を有すること。
（ア）道路の維持・修繕を行った工事であること。
また、異工種建設工事共同企業体としての実績は、協定書による分担工事の実績の
み同種工事の実績として認める。
（６）関東地方整備局（港湾空港関係を除く。）発注工事で、本発注工事の工事種別にお
ける過去２年間の工事成績評定点の平均点が２年連続で60点未満でないこと。
（７）次に掲げる基準を満たす主任（監理）技術者を本発注工事に専任で配置できること。
複数の技術者を申請する場合は、申請する全ての者について次に掲げる基準を満たし
ていること。
なお、申請書に記載する主任（監理）技術者の氏名に旧氏（旧姓）を利用する場合、
旧氏及び戸籍上の氏名が記載された次のいずれかの証明書を添付すること。
・公的な証明書
・証明書（任意書式（会社の代表者の確認を得たもの））
１）主任技術者は、１級土木施工管理技士又はこれと同等以上の資格を有する者であ
ること。
なお､｢これと同等以上の資格を有する者」とは、次のとおりである。
①１級建設機械施工管理技士（旧１級建設機械施工技士）の資格を有する者
②技術士（建設部門、農業部門（選択科目を「農業農村工学」とするものに限
る。）、森林部門（選択科目を「森林土木」とするものに限る。）又は総合技
術監理部門（選択科目を「建設」、「農業－農業農村工学」又は「森林－森林
土木」とするものに限る。））の資格を有する者
③これらと同等以上の資格を有するものと国土交通大臣が認定した者
④本発注工事の工事種別に対応した登録基幹技能者講習修了証を有する者
監理技術者にあっては、１級土木施工管理技士又はこれと同等以上の資格を有す
る者であること。
なお､｢これと同等以上の資格を有する者」とは、次のとおりである。
⑤１級建設機械施工管理技士（旧１級建設機械施工技士）の資格を有する者
⑥技術士（建設部門、農業部門（選択科目を「農業農村工学」とするものに限
る。）、森林部門（選択科目を「森林土木」とするものに限る。）又は総合技
術監理部門（選択科目を「建設」、「農業－農業農村工学」又は「森林－森林
土木」とするものに限る。））の資格を有する者
⑦これらと同等以上の資格を有するものと国土交通大臣が認定した者
２）１人の者が、過去に元請けとして完成・引渡しが完了した上記（５）（ア）、
（イ）に掲げる工事の経験を有するものであること。（共同企業体の構成員として
の経験は、出資比率が20％以上の場合のものに限る。（ただし、異工種建設工事共
同企業体については適用しない。））
ただし、上記（ア）、（イ）は同一工事でなくてもよい。
また、申請できる同種工事の工事経験は２件までとし、これを超える件数の工事
経験を申請した場合は、申請されたすべての工事を経験として認めない。
なお、当該工事経験が平成８年４月１日以降に完成・引渡しが完了した大臣官房
官庁営繕部所掌の工事又は地方整備局等所掌の工事（地方整備局、北海道開発局ま
- 4 -
たは沖縄総合事務局の発注した工事を含み、港湾空港関係を除く。）に係るものに
あっては、評定点合計（工事成績評定通知書の記４．成績評定①の評定点（評定点
が修正された場合にあっては、修正評定点）をいう。）が65点未満のものを除く。
経常建設共同企業体にあっては、構成員のうち１社の配置予定の主任（監理）技
術者が上記の工事経験を有していればよい。
また、異工種建設工事共同企業体としての経験は、協定書による分担工事におい
ての経験のみ同種工事の工事経験として認める。
３）監理技術者にあっては、監理技術者資格者証を有し、監理技術者講習を修了して
いる者。
４）配置予定の主任（監理）技術者にあっては直接的かつ恒常的な雇用関係が必要で
あるので、その旨を明示することができる資料を別記様式－１－１で求めており、
その明示がなされない場合は入札に参加できない。なお、恒常的な雇用関係とは入
札の申込み（競争参加資格確認申請時）の日以前に３ヶ月以上の雇用関係があるこ
とをいう。
５）「建設業者の営業譲渡又は会社分割に係る主任技術者又は監理技術者の直接的か
つ恒常的な雇用関係の確認の事務取扱いについて」（平成13年５月30日付け国総建
第155号）、「官公需適格組合における組合員からの在籍出向者たる監理技術者又は
主任技術者の直接的かつ恒常的な雇用関係の取扱い等について（試行）」（平成28
年３月24日付け国土建第483号）、「親会社及びその連結子会社の間の出向社員に係
る主任技術者又は監理技術者の直接的かつ恒常的な雇用関係の取扱い等について
（改正）」（平成28年５月31日付け国土建第119号）又は「持株会社の子会社が置く
主任技術者又は監理技術者の直接的かつ恒常的な雇用関係の取扱いについて（改
正）」（平成28年12月19日付け国土建第358号）において定められた在籍出向の要件
に適合しない場合又は当該要件に適合することを証する資料の提出がなされない場
合は入札に参加できないことがある。また、当該要件に適合しない者を監理技術者
等として設置していることが確認された場合は契約を解除することがある。
６）監理技術者等の死亡や疾病等、真にやむを得ない場合のほか受注者の責によらな
い理由により工期が延長された場合等における監理技術者等の途中交代については、
「「監理技術者制度の運用等について」の一部改正について」（令和5年3月30日付
け国会公契第48号、国官技第389号、国営計第186号）基づき、適切に対応する。
（８）本工事に事業協同組合として申請書及び資料を提出した場合、その構成員は、単体
として申請書及び資料を提出することはできない。
（９）経常建設共同企業体の構成員は、本発注工事に対応する建設業種の許可を有してか
らの営業年数が３年以上あること。
（10）申請書及び資料の提出期限の日（以下、「審査基準日」という。）から開札の時ま
での期間に、局長から工事請負契約に係る指名停止等の措置要領（昭和59年３月29日
付け建設省厚第91号）に基づく指名停止を受けていないこと。
（11）本発注工事に係る設計業務等の受託者又は当該受託者と（12）１）２）３）に示す
資本若しくは人事面において関連のある建設業者でないこと。なお、設計業務等の受
託者が設計共同体である場合は、設計共同体の各構成員又は当該構成員と（12）１）
２）３）に示す資本若しくは人事面において関連がある建設業者でないこと。
「本発注工事に係る設計業務等の受託者」とは、次に掲げる者である。
株式会社オリエンタルコンサルタンツ
（12）入札に参加しようとする者の間に以下の基準のいずれかに該当する関係がないこと。
- 5 -
１）資本関係
以下のいずれかに該当する二者の場合。
①子会社等（会社法（平成17年法律第86号）第２条第３号の２に規定する子会社等
をいう。（②において同じ。））と親会社等（同条第４号の２に規定する親会社
等をいう。（②において同じ。））の関係にある場合
②親会社等を同じくする子会社等同士の関係にある場合
２）人的関係
以下のいずれかに該当する二者の場合。ただし、①については、会社等（会社法
施行規則（平成18年法務省令第12号）第２条第３項第２号に規定する会社等をいう。
以下同じ。）の一方が民事再生法（平成11年法律第225号）第２条第４号に規定する
再生手続が存続中の会社等又は更生会社（会社更生法（平成14年法律第154号）第２
条第７項に規定する更生会社をいう。）である場合を除く。
①一方の会社等の役員（会社法施行規則第２条第３項第３号に規定する役員のうち、
次に掲げる者をいう。以下同じ。）が、他方の会社等の役員を現に兼ねている場
合
イ）株式会社の取締役。ただし、次に掲げる者を除く。
（イ）会社法第２条第11号の２に規定する監査等委員会設置会社における監査
等委員である取締役
（ロ）会社法第２条第12号に規定する指名委員会等設置会社における取締役
（ハ）会社法第２条第15号に規定する社外取締役
（ニ）会社法第348 条第１項に規定する定款に別段の定めがある場合により業
務を執行しないこととされている取締役
ロ）会社法第402 条に規定する指名委員会等設置会社の執行役
ハ）会社法第575 条第１項に規定する持分会社（合名会社、合資会社又は合同会
社をいう。）の社員（同法第590 条第１項に規定する定款に別段の定めがある
場合により業務を執行しないこととされている社員を除く。）
ニ）組合の理事
ホ）その他業務を執行する者であって、イ)からニ)までに掲げる者に準ずる者
②一方の会社等の役員が、他方の会社等の民事再生法第64条第２項又は会社更生法
第67条第１項の規定により選任された管財人（以下単に管財人という。）を現に
兼ねている場合
③一方の会社等の管財人が、他方の会社等の管財人を現に兼ねている場合
３）その他の入札の適正さが阻害されると認められる場合
組合（共同企業体を含む。）とその構成員が同一の入札に参加している場合その
他上記１）又は２）と同視しうる資本関係又は人的関係があると認められる場合。
（13）警察当局から、暴力団員が実質的に経営を支配する建設業者又はこれに準ずるもの
として、国土交通省発注工事等からの排除要請があり、当該状態が継続している者で
ないこと。
（14）工事請負契約に基づく工事関係者に関する措置請求に受注者が従わないこと等請負
契約の履行が不誠実でないこと。
５．入札手続における担当部局
（技術的事項を除く。）
〒１０２－８３４０
東京都千代田区九段南１－２－１
九段第３合同庁舎
１６階
- 6 -
電子メール送付先：ktr-toukoku-keiri@mlit.go.jp
関東地方整備局
東京国道事務所
経理課
電話
０３－３５１２－９０９１
（技術的事項。）
〒１０２－８３４０
東京都千代田区九段南１－２－１
九段第３合同庁舎
１６階
関東地方整備局
東京国道事務所
品質確保課
電話
０３－３５１２－９０６３
６．資料（競争参加資格に関する資料）の確認等
（１）本競争の参加希望者は、４．競争参加資格に掲げる競争参加資格を有することを証
明するため、次に従い、申請書及び資料を提出し、分任支出負担行為担当官から競争
参加資格の有無について確認を受けなければならない。
４．競争参加資格（２）の認定を受けていない者も次に従い申請書及び資料を提出
することができる。この場合において、４（１）及び（３）から（14）までに掲げる
事項を満たしているときは、開札の時において４（２）に掲げる事項を満たしている
ことを条件として競争参加資格があることを確認するものとする。当該確認を受けた
者が競争に参加するためには、開札の時において４（２）に掲げる事項を満たしてい
なければならない。
なお、期限までに申請書及び資料を提出しない者並びに競争参加資格がないと認め
られた者は、本競争に参加することができない。
（２）４．競争参加資格の企業の同種工事の施工実績及び配置予定の主任（監理）技術者
の同種工事の工事経験の確認に当たっては、効力を有する政府調達に関する協定を適
用している国及び地域並びに我が国に対して建設市場が開放的であると認められる国
及び地域以外の国又は地域に主たる営業所を有する建設業者にあっては、我が国にお
ける同種工事の施工実績及び工事経験をもって行う。
（３）申請書は、別記様式－１により作成し、該当箇所をチェックした「競争参加資格確
認申請時における提出書類及び添付書類一覧表」（別記様式－１－１）を必ず添付す
ること。
なお、競争参加資格の確認及び評価は、審査基準日をもって行うものとする。
（４）資料は次に従い作成すること。
下記①の同種工事の施工実績及び②の配置予定の主任（監理）技術者の同種工事の
工事経験については、工事が完成し、引渡しが済んでいるものに限り記載することと
し、「同種工事の施工実績」（別記様式－２）、「配置予定の主任（監理）技術者の
資格・工事経験」（別記様式－３）の「工事経験の概要」に記載する工事について、
平成８年４月１日以降に完成・引渡しが完了した大臣官房官庁営繕部所掌の工事又は
地方整備局等所掌の工事（地方整備局、北海道開発局または沖縄総合事務局の発注し
た工事を含み、港湾空港関係を除く。）である場合は、当該工事に係る工事成績評定
通知書の写しを添付すること。ただし、当該工事に係る工事成績評定通知書が、審査
基準日の前日時点において未通知の場合は、工事成績評定通知書の写しの添付は不要
である。
また、記載する工事が一般財団法人日本建設情報総合センターの「工事実績情報サ
ービス（ＣＯＲＩＮＳ）」に登録されている場合は、ＣＯＲＩＮＳの写しを提出する
こととし、登録されていない場合は契約書（工事名、契約金額、工期、発注者、受注
者の確認できる部分）（以下「ＣＯＲＩＮＳ等」という。）の写しを提出するものと
- 7 -
する。
なお、ＣＯＲＩＮＳ等での記載内容で同種工事の施工実績、配置予定の主任（監
理）技術者の同種工事の工事経験が不明な場合については、平面図、構造図、数量総
括表、交通規制状況図、配置予定主任（監理）技術者の従事状況を確認できる資料等
を必ず添付すること。
また、海外インフラプロジェクト技術者認定・表彰制度による実績の場合も同様と
するが、ＣＯＲＩＮＳ等への登録が行われていない実績の場合は国土交通省が発行す
る海外認定・表彰制度の認定書の写し（以下「認定書」という）を必ず提出すること。
ただし、認定書が未達等により提出できない場合は国土交通省が認定対象を当該企業
等に通知した文書の写しをもって代えることができる。
同種工事の施工実績と配置予定の主任（監理）技術者の要件が異なる場合があるの
で、確認の上作成すること。
①同種工事の施工実績
４．競争参加資格に掲げる資格があることを判断できる企業の同種工事の施工実
績を別記様式－２に記載すること。
記載及び申請できる同種工事の施工実績の件数は２件までとし、これを超える件
数の施工実績を申請した場合は、申請されたすべての工事を実績として認めない。
ただし、経常建設共同企業体にあっては、各構成員の施工実績をそれぞれ記載す
ること。また、異工種建設工事共同企業体としての実績の場合は、協定書の写しを
添付すること。
②配置予定技術者の資格等
１）４．競争参加資格に掲げる資格があることを判断できる配置予定の主任（監
理）技術者の資格、同種工事の工事経験及び申請時における他工事の従事状況等
を別記様式－３に記載し、資格等を証明する書類として資格者証の写しを提出す
ること（監理技術者資格者証については、裏面の写しも提出すること。裏面の監
理技術者講習修了履歴が確認できない場合、監理技術者講習修了証若しくは監理
技術者講習受講証明書の写しも併せて提出し、講習を受けた日の属する年の翌年
の１月１日から５年を経過していないことが確認できるようにすること。監理技
術者講習修了証若しくは監理技術者講習受講証明書については、審査基準日にお
ける有効性が証明できなければ資格として認めない。）。
また、主任技術者として申請する場合の資格者証の写しについて、建設業法第
２７条第１項に規定する技術検定に合格したことを証明する書類を提出する場合
は、合格証明書の写しを提出すること。ただし、合格証明書の交付を受けていな
い場合は、指定試験機関が通知する合格通知書の写しの提出でもよい。
登録基幹技能者講習修了証を有することを証明する書類を提出する場合は、講
習修了証の写しを提出すること。なお、本発注工事の工事種別に対応した登録基
幹技能者講習修了証の別については、別記様式－３［別添］による。
記載及び申請できる同種工事の工事経験の件数は２件までとし、これを超える
件数の工事経験を申請した場合は、申請されたすべての工事を経験として認めな
い。
なお、申請時に配置予定の主任（監理）技術者が特定出来ない場合は複数の候
補技術者をもって申請することもできるが、その場合各候補技術者とも競争参加
資格の要件を満たしていること。
ただし、経常建設共同企業体にあっては、同種工事の工事経験については１社
- 8 -
の配置予定の主任（監理）技術者について記載すること。また、異工種建設工事
共同企業体としての経験の場合は、協定書の写しを添付すること。
２）申請した配置予定技術者が以下の①又は②に該当することとなった場合には、
入札してはならず、申請書を提出した者は、直ちに当該申請書の取下げを行うこ
と。
また、入札後又は開札から落札予定者の通知を受けるまでの間に該当すること
となったときは、直ちに５．入札手続における担当部局（技術的事項を除く。）
に申し出ること。
①同一の技術者を重複して他の工事の配置予定者とする場合において、以下の
ア）又はイ）に該当した場合。
ア）他の工事を落札（落札予定者の通知を受けた場合を含む。）したことによ
り配置予定の主任（監理）技術者を配置することができなくなった場合。
イ）他の工事において低入札価格調査を受けた（受けている）ことにより配置
予定の主任（監理）技術者を配置することができなくなる可能性がある場
合。
②配置予定技術者が、死亡、疾病、出産、育児、介護、退職等極めて特別な場合
でやむを得ない理由により配置することができなくなった場合。
なお、申請後に工期延期により本発注工事と重複し、配置予定の主任（監理）
技術者を配置することができなくなった場合も、同様に申し出ること。
これらの行為を行わなかった場合においては、指名停止措置要領に基づく指名
停止を行うことがある。
③特例監理技術者の配置
本工事は、特例監理技術者の配置を認める。
１．本工事において、特例監理技術者の配置を行う予定の場合は以下の（１）～
（９）の要件を全て満たさなければならない。
（１）建設業法第２６条第３項ただし書による監理技術者の職務を補佐する者（以
下、「監理技術者補佐」という。）を専任で配置すること。
（２）監理技術者補佐は一級施工管理技士補又は一級施工管理技士等の国家資格者、
学歴や実務経験により監理技術者の資格を有するものであること。なお、監理
技術者補佐の建設業法第27条の規定に基づく技術検定種目は、特例監理技術者
に求める技術検定種目と同じであること。
（３）監理技術者補佐は入札参加者と直接的かつ恒常的な雇用関係にあること。
なお、恒常的な雇用関係とは配置時点の日以前に３ヶ月以上の雇用関係があ
ることをいう。
（４）同一の特例監理技術者が配置できる工事は、本工事を含め同時に２件までと
する。（ただし、同一あるいは別々の発注者が、同一の建設業者と締結する契
約工期の重複する複数の請負契約に係る工事であって、かつ、それぞれの工事
の対象となる工作物等に一体性が認められるもの（当初の請負契約以外の請負
契約が随意契約により締結される場合に限る。）については、これら複数の工
事を同一の工事とみなす。）
（５）特例監理技術者が兼務できる工事は東京都内の工事でなければならない。
（６）特例監理技術者は、施工における主要な会議への参加、現場の巡回及び主要
な工程の立会等の職務を適正に遂行しなければならない。
（７）特例監理技術者と監理技術者補佐との間で常に連絡が取れる体制であること。
- 9 -
（８）監理技術者補佐が担う業務等について、明らかにすること。
（９）特例監理技術者が兼務できる工事は維持工事以外の工事でなければならない。
２．現場の安全管理体制について、平成7年4月21日付基発第267号の2「元方事業者
による建設現場安全管理指針」において、「統括安全衛生責任者の選任を要する
ときには、その事業場に専属の者とすること。」とされていることから、施工体
制に留意すること。
３．特例監理技術者の配置を行う予定である場合は、上記１．の規定を満たすこと
を確認するため、別記様式－６にレ又は■を記載し提出すること。
７．総合評価の項目
（１）評価の項目
①企業の技術力
下記における評価項目についてそれぞれ評価を行い、各々評価点を算出する。
なお、評価項目毎における評価点の最高点の合計を20点とする。
評価項目
評価基準
評価点
〔企業の施工能力〕
同種工事の施工実績
より高い同種性が認められる。
５
（過去15年間）
ア）道路の維持・修繕を行った工事であるこ
「４．競争参加資格で求めた
と。
過去の施工実績を満たすこ
イ）東京２３区内の市街地地域（ＤＩＤ地域）
とを証明するため提出され
で、供用中の道路において夜間に交通を確
た施工実績と本発注工事の
保しながら交通規制（車線規制、又は片側
同種性。なお、対象期間に
交互通行）を行った工事であること。
元請けとして完成・引渡し
上記ア）イ）は同一工事であること。
が完了した工事とする」
高い同種性が認められる。
２
ア）道路の維持・修繕を行った工事であるこ
と。
イ）市街地地域（ＤＩＤ地域）で、供用中の道
路において夜間に交通を確保しながら交通
規制（車線規制、又は片側交互通行）を行
った工事であること。
上記ア）イ）は同一工事であること。
同種性が認められる。
０
ア）道路の維持・修繕を行った工事であるこ
と。
イ）市街地地域（ＤＩＤ地域）で、供用中の道
路において夜間に交通を確保しながら交通
規制（車線規制、又は片側交互通行）を行
った工事であること。
上記ア）イ）は同一工事でなくてもよい。
工事成績（過去３年間）
80点以上
６
「関東地方整備局（港湾空港
関係を除く。）発注工事の
75点以上80点未満
３
- 10 -
本発注工事の工事種別にお
ける評価対象期間に完成・
70点以上75点未満
１
引渡しが完了した工事の工
事成績評定点の平均点」
70点未満（含実績なし）
０
都県・政令市における工事成
【東京都】
６
績（過去３年間）
７３点以上
「対象の都県・政令市発注工
６８点以上７３点未満
３
事の本発注工事の工事種別
における評価対象期間に完
６４点以上６８点未満
１
成・引渡しが完了した工事
の工事成績評定点の平均
６４点未満（含実績なし）
０
点」
工事成績（減点要素）
65点未満あり
-５
「審査基準日の属する月から
過去１年間で、本発注工事
65点未満なし
０
の工事種別による総合評価
落札方式の加算点等を減ず
る試行対象工事において、
工事成績評定点が65点未満
と通知された工事の有無」
優良工事等表彰受賞の有無
優良工事表彰（局長表彰）あり
３
「関東地方整備局（港湾空港
都県等における関東地方整備局の局長表彰相当
関係を除く。）発注工事に
の表彰あり
おいて、評価対象年度に受
優良工事表彰（部長、事務所長表彰）あり
１
賞した優良工事等表彰の有
都県等における関東地方整備局の部長・事務所
無｣
長表彰相当の表彰あり
安全管理優良受注者表彰あり
１
表彰なし
０
事故及び不誠実な行為
口頭注意
-２
「審査基準日時点における、
文書注意
-４
右欄に掲げる措置等の有
かし修補の請求日から修補完了（引渡日）まで
-４
無」
の期間である
（最大－12点）
契約締結辞退の翌日から指名停止を受けるまで
-４
の期間である
難工事施工実績
実績あり
１
「難工事指定」対象工事の施
工実績
実績なし
０
「関東地方整備局（港湾空港
関係を除く。）発注工事に
おいて、「難工事指定」さ
れた工事のうち、評価対象
- 11 -
期間に元請けとして完成・
引渡しが完了した工事成績
評定点が70点以上の工事の
施工実績の有無」
表彰
表彰あり
１
「関東地方整備局（港湾空港
関係を除く。）発注工事に
おいて、評価対象年度に受
表彰なし
０
賞した、「難工事功労表
彰」、「災害工事功労表
彰」、「災害関連感謝
状」、「東京国道事務所独
自の担い手の確保・育成貢
献工事表彰」いずれかの有
無｣
35歳以下の若手技術者（以
本発注工事において活用し、資格あり
２
下、「若手技術者」とい
う。）の活用及び資格
本発注工事において活用し、資格なし
１
「本発注工事において、配置
予定の主任（監理）技術者
活用しない
０
以外（現場代理人又は担当
技術者）に若手技術者の活
用及び若手技術者の資格の
有無」
週休２日制適用工事の施工実
①取組証あり
２
績
(4週8休(28.5%）以上の実績）
「審査基準日以前に取得した
関東地方整備局（港湾空港
②取組証あり
１
関係、営繕工事を除く。）
（4週6休(21.4%)以上4週8休(28.5%)未満の実
の「週休２日制適用工事に
績）
おける履行実績取組証」の
有無」
③取組証なし
０
注：（%）は、現場閉所率
②配置予定技術者の技術力
下記における評価項目についてそれぞれ評価を行い、各々評価点を算出する。
なお、評価項目毎における評価点の最高点の合計を20点とする。
評価項目
評価基準
評価点
〔配置予定技術者の能力〕
同種工事の工事経験
より高い同種性が認められる。
６
（過去15年間）
ア）道路の維持・修繕を行った工事であるこ
「４．競争参加資格で求め
と。
- 12 -
た過去の工事経験を満た
イ）東京２３区内の市街地地域（ＤＩＤ地域）
すことを証明するため提
で、供用中の道路において夜間に交通を確
出された工事経験と本発
保しながら交通規制（車線規制、又は片側
注工事との同種性。な
交互通行）を行った工事であること。
お、本発注工事の工事種
上記ア）イ）は同一工事であること。
別（大臣官房官庁営繕部
高い同種性が認められる。
３
所掌の工事又は地方整備
ア）道路の維持・修繕を行った工事であるこ
局等所掌の工事（地方整
と。
備局、北海道開発局また
イ）市街地地域（ＤＩＤ地域）で、供用中の道
は沖縄総合事務局の発注
路において夜間に交通を確保しながら交通
した工事を含み、港湾空
規制（車線規制、又は片側交互通行）を行
港関係を除く。）以外の
った工事であること。
工事については本発注工
上記ア）イ）は同一工事であること。
事の工事種別は問わな
同種性が認められる。
０
い。）における対象期間
ア）道路の維持・修繕を行った工事であるこ
に元請けとして完成・引
と。
渡しが完了した工事とす
イ）市街地地域（ＤＩＤ地域）で、供用中の道
る」
路において夜間に交通を確保しながら交通
規制（車線規制、又は片側交互通行）を行
った工事であること。
上記ア）イ）は同一工事でなくてもよい。
同種工事の工事成績
80点以上
６
「４．競争参加資格で求め
た過去の工事経験を満た
75点以上80点未満
３
すことを証明するため提
出された工事が、大臣官
70点以上75点未満
１
房官庁営繕部所掌の工事
又は地方整備局等所掌の
70点未満（含実績なし）
０
工事（地方整備局、北海
道開発局または沖縄総合
事務局の発注した工事を
含み、港湾空港関係を除
く。）であり、かつ本発
注工事の工事種別におけ
る評価対象期間に完成・
引渡しが完了した工事で
ある場合の工事成績評定
点」
都県・政令市における工事
【東京都】
６
成績
７３点以上
「４．競争参加資格で求め
６８点以上７３点未満
３
た過去の工事経験を満た
すことを証明するため提
６４点以上６８点未満
１
出された工事が、対象の
- 13 -
都県・政令市発注工事で
６４点未満（含実績なし）
０
あり、かつ本発注工事の
工事種別における評価対
象期間に完成・引渡しが
完了した工事である場合
の工事成績評定点」
優秀工事技術者表彰
・局長表彰あり
４
・「関東地方整備局（港湾
・都県等における関東地方整備局の局長表彰相
空港関係を除く。）発注
当の表彰あり
工事において、評価対象
・海外インフラプロジェクト技術者認定・表彰
期間に受賞した優秀工事
制度により表彰された「国土交通大臣賞」の
技術者表彰の有無」
表彰あり
・「都県・政令市の発注し
・部長、事務所長表彰あり
２
た工事において、評価対
・都県等における関東地方整備局の部長・事務
象期間に受賞した都県政
所長表彰相当の表彰あり
令市の定めた表彰制度に
・海外インフラプロジェクト技術者認定・表彰
よる各種表彰の有無」
制度により表彰された「国土交通大臣奨励
・「評価対象期間に受賞し
賞」の表彰あり
た海外インフラプロジェ
表彰なし
０
クト技術者認定・表彰制
度による表彰の有無」
難工事施工経験
実績あり
１
「難工事指定」対象工事の
施工経験
実績なし
０
「関東地方整備局（港湾空
港関係を除く。）発注工
事において、「難工事指
定」された工事のうち、
評価対象期間に元請けと
して完成・引渡しが完了
した工事成績評定点が70
点以上の工事の施工経験
の有無」
難工事功労表彰
表彰あり
１
「関東地方整備局（港湾空
港関係を除く。）発注工
表彰なし
０
事において、評価対象年
度に受賞した「難工事功
労表彰」の有無｣
過去の同種工事の工事経験
主任（監理）技術者、または現場代理人として
１
「４．競争参加資格で求め
経験あり
た過去の工事経験を満た
担当技術者として経験あり
０
すことを証明するため提
出された工事経験の従事
- 14 -
立場。なお、本発注工事
の工事種別（大臣官房官
庁営繕部所掌の工事又は
地方整備局等所掌の工事
（地方整備局、北海道開
発局または沖縄総合事務
局の発注した工事を含
み、港湾空港関係を除
く。）以外の工事につい
ては本発注工事の工事種
別は問わない。）で、主
任（監理）技術者（特例
監理技術者含む）または
現場代理人として従事し
ていた場合に評価す
る。」
継続教育（ＣＰＤ・ＣＰＤ
継続教育の証明あり
１
Ｓ）の取得状況
（各団体推奨単位以上取得）
継続教育の証明なし
０
③賃上げの実施に関する評価
評価項目
評価基準
評価点
賃上げの実施を表明した企
令和６年４月以降に開始する最初の事業年度ま
３
業等
たは令和６年（暦年）において、対前年度また
は前年比で給与等受給者一人当たりの平均受給
額を３％以上増加させる旨、従業員に表明して
いること【大企業】
令和６年４月以降に開始する最初の事業年度ま
たは令和６年（暦年）において、対前年度また
は前年比で給与総額を1.5％以上増加させる旨、
従業員に表明していること【中小企業等】
表明なし
０
賃上げ基準に達していない
公告日から過去１年以内に財務省主計局から減
－４
場合等（減点）
点措置の通知を受けている場合
受けていない場合
０
賃上げ表明書の評価（加点）を実施する適用期間については関東地方整備局ホームペー
ジ（https://www.ktr.mlit.go.jp/gijyutu/gijyutu00000227.html）に掲載している。
- 15 -
④施工体制（施工体制評価点）
施工体制に関する審査は、下記の評価項目について行うものとし、開札後におい
て、提出を求める工事費内訳書、施工体制確認のためのヒアリング及び追加で求め
る資料等により審査をする。なお、最高点を30点とする。
評価項目
評価基準
評価点
品質確保の実効性
工事の品質確保のための適切な施工体制が十分確
15
保され、入札説明書等に記載された要求要件をよ
り確実に実現できると認められる場合
工事の品質確保のための適切な施工体制が概ね確
５
保され、入札説明書等に記載された要求要件を確
実に実現できると認められる場合
その他
０
施工体制確保の確実性
工事の品質確保のための施工体制のほか、必要な
15
人員及び材料が確保されていることなどにより、
適切な施工体制が十分確保され、入札説明書等に
記載された要求要件をより確実に実現できると認
められる場合
工事の品質確保のための施工体制のほか、必要な
５
人員及び材料が確保されていることなどにより、
適切な施工体制が概ね確保され、入札説明書等に
記載された要求要件を確実に実現できると認めら
れる場合
その他
０
（２）申請書及び資料の作成説明会は開催しない。
（３）総合評価に関する各種ペナルティ
①若手技術者を配置すると申請したにもかかわらず配置しなかった場合、受注者の責
により配置されていないと判断された場合は、ペナルティとして、工事成績評定を
３点減ずる。また、配置予定の主任（監理）技術者の専任期間と同じ期間配置しな
かった場合についても、ペナルティとして工事成績評定を３点減ずる。
８．評価方法及び資料（総合評価に関する資料）の確認等
総合評価に関する資料は次に従い作成すること。
なお、評価は、審査基準日をもって行うものとする。
（１）企業の技術力について
①同種工事の施工実績
競争参加資格の確認のために提出された施工実績のうち、評価対象期間に完成・
引渡しが完了した工事を評価する。（別記様式－２）評価対象期間は別表－１のと
おり。
- 16 -
なお、ＣＯＲＩＮＳ等での記載内容で、より高い同種性等の施工実績が不明な場
合については、平面図、構造図、数量総括表、交通規制状況図等を必ず添付するこ
と。
また、４．競争参加資格において、同種工事の施工実績を複数申請した場合は、
評価点が最も高い同種工事の施工実績により、評価する。
共同企業体の実績の場合、評価は下記による。
・特定建設工事共同企業体（甲型）の実績の場合は、代表者の場合にのみ評価す
る。
・特定建設工事共同企業体（乙型）の実績の場合は、協定書による分担工事の実
績のみ評価する。
・異工種建設工事共同企業体の実績の場合は、協定書による分担工事の実績のみ
評価する。
・経常建設共同企業体（甲型）の実績の場合は、代表者の場合にのみ評価する。
・経常建設共同企業体（乙型）の実績の場合は、協定書による分担工事の実績の
み評価する。
②工事成績（過去３年間）
工事成績について、関東地方整備局（港湾空港関係を除く。）発注工事の本発注
工事の工事種別における評価対象期間に完成・引渡しが完了した工事の工事成績評
定点の平均点を評価する。評価対象期間は別表－１のとおり。
なお、当該評価項目における様式の記載及び資料の添付は不要とする。
③都県・政令市における工事成績（過去３年間）
都県・政令市における工事成績について、東京都発注工事の本発注工事の工事種
別における評価対象期間に完成・引渡しが完了した工事の実績及び成績を別記様式
－２－１に記載すること。評価対象期間は別表－１のとおり。
なお、同一発注機関において２件の工事成績がある場合にのみ評価し、２件以外
の工事成績を記載した場合は評価しない。工事成績が65点未満の工事については実
績として認めない。
２件の工事成績の平均とし、小数第一位を四捨五入した整数の工事成績評定点を
もって評価する。
また、工事内容が確認できるＣＯＲＩＮＳ等及び工事成績が確認できる資料（工
事成績評定通知書等）を添付すること。ＣＯＲＩＮＳ等での記載内容で、施工実績
が不明な場合については、平面図、構造図、数量総括表等を必ず添付すること。添
付がない場合は評価しない。
ただし、関東地方整備局（港湾空港部を除く。）の成績が確認された場合は、関
東地方整備局（港湾空港部を除く。）の工事成績で評価する。
④優良工事等表彰受賞の有無
関東地方整備局（港湾空港関係を除く。）発注工事において評価対象年度に受賞
した優良工事表彰及び安全管理優良受注者表彰の有無を別記様式－１－１に記載す
ること。なお、評価対象年度は別表－１のとおり。
都県等における関東地方整備局の局長表彰相当の表彰とは東京都建設局優良工事
等表彰、東京都建設局災害復旧等功労者表彰、東京都財務局優良工事等表彰、東京
都都市整備局優良工事等局長賞、東京都港湾局優良工事等表彰、東京都水道局優良
工事等表彰（局長）、東京都下水道局優良工事受注者表彰、東京都下水道局工事施
行成績優良業者表彰を言い、都県等における関東地方整備局の部長・事務所長表彰
- 17 -
相当の表彰とは東京都建設局事務所長優良工事等表彰、東京都都市整備局優良工事
等事務所長賞、東京都住宅政策本部優良工事等本部長賞、東京都住宅政策本部優良
工事等都営住宅経営部長賞、東京都住宅政策本部優良工事等事務所長賞、東京都産
業労働局農林水産部森林土木優良工事等表彰、東京都交通局建設工務部優良請負工
事等表彰、東京都水道局優良工事等表彰（所長）を言う。なお、評価対象期間は別
表－１のとおり。
また、表彰状の写しを必ず添付すること。添付がない場合は評価しない。
優良工事表彰は本発注工事の工事種別に限定するものではない。また、申請でき
る件数は１件とする。
安全管理優良受注者表彰は、本発注工事の工事種別に限り評価する。また、申請
できる件数は１件とする。
なお、優良工事表彰及び安全管理優良受注者表彰の両方を申請してもよいが、評
価点は３点を上限とする。
経常建設共同企業体にあっては、全ての構成員に表彰がある場合に限り評価する
ため、それぞれの実績を記載すること。
⑤難工事施工実績
関東地方整備局（港湾空港関係を除く。）発注工事において、難工事指定された
工事の施工実績の有無を、別記様式－１－１に記載すること。なお、難工事指定さ
れた工事のうち評価対象期間に元請として完成・引渡が完了した工事で、評定点合
計が70点以上の実績について評価する。なお、評価対象期間は別表－１のとおり。
公告文又は入札説明書（随意契約の場合は見積依頼書又は見積説明書）の写し
（当該工事件名及び当該工事が難工事指定の試行対象工事であることが証明できる
部分）及び工事成績評定通知書の写しを添付すること。添付がない場合は評価しな
い。ただし、当該工事に係る工事成績評定通知書が、審査基準日の前日時点におい
て未通知の場合は、工事成績評定通知書の写しの添付は不要である。
経常建設共同企業体にあっては、全ての構成員に難工事指定された工事の施工実
績がある場合に評価するため、それぞれの施工実績を記載すること。
⑥表彰
関東地方整備局（港湾空港関係を除く。）発注工事において、評価対象年度に受
けた「難工事功労表彰」、「災害工事功労表彰」、「災害関連感謝状」、「東京国
道事務所独自の担い手の確保・育成貢献工事表彰」いずれかの有無を別記様式－１
－１に記載すること。なお、評価対象年度は別表－１のとおり。
表彰状の写しを必ず添付すること。添付がない場合は評価しない。
ただし、災害関連感謝状については関東地方整備局本局又は本発注工事の事務所
長が贈呈した感謝状のみを評価する。
経常建設共同企業体にあっては、全ての構成員に同一種類の表彰の受賞がある場
合に評価するため、それぞれの表彰を記載すること。
⑦35歳以下の若手技術者の活用及び資格
本発注工事を施工する際に、若手技術者の専任配置の有無及び資格を、別記様式
－１－１に記載すること。なお、現場代理人又は担当技術者として専任配置する場
合にのみ評価し、配置予定の主任（監理）技術者として配置する場合は評価しない。
ただし、担当技術者で配置する場合は、配置予定の主任（監理）技術者の専任期
間と同じ期間配置しなければならない。
また、直接的な雇用関係であること。なお、雇用期間は問わない。
- 18 -
資格とは１級土木施工管理技士、２級土木施工管理技士、１級土木施工管理技士
補、２級土木施工管理技士補、１級建設機械施工管理技士（旧１級建設機械施工技
士）、２級建設機械施工管理技士（旧２級建設機械施工技士）、１級建設機械施工
管理技士補、２級建設機械施工管理技士補、４．競争参加資格（７）１）②④とし、
資格を有している場合記載すること。その場合、合格証明書の写しを添付すること。
添付がない場合は評価しない。ただし、合格証明書の交付を受けていない場合は、
指定試験機関が通知する合格通知書の写しの提出でもよい。
複数の若手技術者を申請した場合、評価点の合計値が最も低い若手技術者を評価
するものとする。なお、配置する若手技術者は１名で良い。
若手技術者を配置すると申請した場合において、入札までに配置予定の若手技術
者を配置することができず、かつ、当初配置予定の若手技術者と同等以上の者を配
置することができなくなったときは、入札してはならず、申請書を提出した者は、
直ちに当該申請書の取下げを行うこと。
また、入札から落札者決定までの間に他の工事を落札したことにより申請した配
置予定の若手技術者を配置することができず、かつ、当初配置予定の若手技術者と
同等以上の者を配置できないときは、直ちに５．の入札手続きにおける担当部局
（技術的事項を除く。）に申し出ること。当該参加者の入札を無効とする。
⑧週休２日制適用工事の施工実績
関東地方整備局（港湾空港関係、営繕工事を除く。）の発注した工事において取
得した「週休２日制適用工事における履行実績取組証」の有無を別記様式－１－１
に記載し、取得している場合、「週休２日制適用工事における履行実績取組証」の
写しを必ず添付するものとし、添付が無い場合は評価しない。
なお、評価対象期間については、審査基準日から過去１年間とする。そのため、
添付された「週休２日制適用工事における履行実績取組証」の写しに記載された発
行日から審査基準日までの期間が１年を超えている場合は評価しない。
また、経常建設共同企業体にあっては、代表者の「週休２日制適用工事における
履行実績取組証」がある場合に評価するため、代表者の取組証の写しを添付するこ
と。
（２）配置予定技術者の技術力について
①
申請時に配置予定の主任（監理）技術者が特定出来ない場合は複数の候補技術者
をもって申請することもできるが、配置予定技術者の能力に係るものについては、
評価点の合計値が最も低い候補技術者をもって評価をするものとする。
②
配置予定の主任（監理）技術者が、配置予定技術者の能力の各評価項目（継続教
育（ＣＰＤ・ＣＰＤＳ）の取得状況を除く）における評価の対象期間に、産前休業
・産後休業・育児休業・介護休業を取得していた場合は、その取得期間と同等の期
間を評価の対象期間以前の期間に加えることができる。取得期間は年単位とし、１
年未満の場合は切り上げた期間とする。
また、評価の対象期間に事業促進PPPに従事していた場合は、その従事期間と同等
の期間を評価の対象期間以前の期間に加えることができる。従事期間は年単位とし、
１年未満の場合は切り捨てた期間とする。
なお、事業促進PPPとは、測量・設計・用地等の委託業務や地元説明会、関係機関
協議等の業務を効率的かつ短期間で実施するために、民間の技術力を活用する手法
を言う。従事期間及び取得期間を評価の対象期間以前の期間に加える場合は、別記
様式－１－１に記載すること。
- 19 -
③同種工事の工事経験
競争参加資格の確認のために提出された工事経験のうち、本発注工事の工事種別
（大臣官房官庁営繕部所掌の工事又は地方整備局等所掌の工事（地方整備局、北海
道開発局または沖縄総合事務局の発注した工事を含み、港湾空港関係を除く。）以
外の工事については本発注工事の工事種別は問わない。）における評価対象期間に
完成・引渡しが完了した工事を評価する。（別記様式－３）評価対象期間は別表－
１のとおり。
なお、ＣＯＲＩＮＳ等での記載内容で、より高い同種性等の工事経験が不明な場
合については、平面図、構造図、数量総括表、交通規制状況図、配置予定主任（監
理）技術者の従事状況を確認できる資料等を必ず添付すること。
また、海外インフラプロジェクト技術者認定・表彰制度による実績の場合も同様
とするが、ＣＯＲＩＮＳ等への登録が行われていない実績の場合は国土交通省が発
行する海外認定・表彰制度の認定書の写し（以下「認定書」という）を必ず提出す
ること。ただし、認定書が未達等により提出できない場合は国土交通省が認定対象
を当該企業等に通知した文書の写しをもって代えることができる。
共同企業体の実績の場合、評価は下記による。
・特定建設工事共同企業体（甲型）の経験の場合は、代表者の場合にのみ評価す
る。
・特定建設工事共同企業体（乙型）の経験の場合は、協定書による分担工事の経
験のみ評価する。
・異工種建設工事共同企業体の経験の場合は、協定書による分担工事の経験のみ
評価する。
・経常建設共同企業体（甲型）の経験の場合は、代表者の場合にのみ評価する。
・経常建設共同企業体（乙型）の経験の場合は、協定書による分担工事の経験の
み評価する。
④同種工事の工事成績
競争参加資格の確認のために提出された同種工事の工事経験が、大臣官房官庁営
繕部所掌の工事又は地方整備局等所掌の工事（地方整備局、北海道開発局または沖
縄総合事務局の発注した工事を含み、港湾空港関係を除く。）であり、かつ本発注
工事の工事種別における評価対象期間に完成・引渡しが完了した工事である場合の
工事成績評定点について、評価する。（別記様式－３）なお、評価対象期間は別表
－１のとおり。
なお、工事成績評定通知書の写しを必ず添付すること。添付がない場合は評価し
ない。
⑤都県・政令市における工事成績
競争参加資格の確認のために提出された工事経験が、東京都発注工事であり、本
発注工事の工事種別における評価対象期間に完成・引渡しが完了した工事である場
合の工事成績評定点について、評価する。（別記様式－３）。評価対象期間は別表
－１のとおり。
工事成績評定通知書の写しを必ず添付すること。添付がない場合は評価しない。
⑥優秀工事技術者表彰
関東地方整備局（港湾空港関係を除く。）発注工事において、評価対象期間に受
賞した優秀工事技術者表彰の有無を別記様式－３に記載すること。なお、評価対象
期間は別表－１のとおり。
- 20 -
都県等における関東地方整備局の局長表彰相当の表彰とは東京都建設局優良工事
等表彰、東京都建設局災害復旧等功労者表彰を言い、都県等における関東地方整備
局の部長・事務所長表彰相当の表彰とは東京都建設局事務所長優良工事等表彰、東
京都産業労働局農林水産部森林土木優良工事等表彰を言う。なお、評価対象期間は
別表－１のとおり。
海外インフラプロジェクト技術者認定・表彰制度による局長表彰相当の表彰とは
国土交通大臣賞を言い、部長・事務所長表彰相当の表彰とは国土交通大臣奨励賞を
言う。
いずれも表彰状の写しを必ず添付すること。添付がない場合は評価しない。
なお、海外インフラプロジェクト技術者認定・表彰制度による表彰状が表彰応募
を行った企業等に未達の場合等、競争参加者が表彰状の写しを提出出来ない場合は、
国土交通省が表彰対象を当該企業等に通知した文書をもってそれに代えることが出
来る。
申請できる件数は１件とする。各年度で複数回受賞していても、重複しての評価
はしない。複数申請した場合は評価点が最も高い表彰を評価する。
⑦難工事施工経験
関東地方整備局（港湾空港関係を除く。）発注工事において、難工事指定された
工事の施工経験の有無を、別記様式－１－１に記載すること。なお、難工事指定さ
れた工事のうち評価対象期間に元請として完成・引渡が完了した工事で、評定点合
計が70点以上かつ該当工事に主任（監理）技術者または現場代理人として従事した
経験について評価する。なお、評価対象期間は別表－１のとおり。
公告文又は入札説明書（随意契約の場合は見積依頼書又は見積説明書）の写し
（当該工事件名及び当該工事が難工事指定の試行対象工事であることが証明できる
部分）及び工事成績評定通知書の写しを添付すること。添付がない場合は評価しな
い。ただし、当該工事に係る工事成績評定通知書が、審査基準日の前日時点におい
て未通知の場合は、工事成績評定通知書の写しの添付は不要である。
⑧難工事功労表彰
関東地方整備局（港湾空港関係を除く。）発注工事において、評価対象年度に受
けた「難工事功労表彰」の有無を別記様式－１－１に記載すること。なお、評価対
象年度は別表－１のとおり。
表彰状の写しを必ず添付すること。添付がない場合は評価しない。
なお、難工事功労表彰については、該当工事に主任（監理）技術者または現場代
理人として従事した場合のみ評価する。
⑨過去の同種工事の工事経験
競争参加資格の確認のために提出された工事経験の従事立場。なお、本発注工事
の工事種別（大臣官房官庁営繕部所掌の工事又は地方整備局等所掌の工事（地方整
備局、北海道開発局または沖縄総合事務局の発注した工事を含み、港湾空港関係を
除く。）以外の工事については本発注工事の工事種別は問わない。）で、主任（監
理）技術者（特例監理技術者含む）または現場代理人として従事していた場合に評
価する。（別記様式－３）
⑩継続教育（ＣＰＤ・ＣＰＤＳ）の取得状況
継続教育（ＣＰＤ・ＣＰＤＳ）の取得状況について別記様式－１－１に記載する
こと。
なお、審査基準日から過去１年以内に発行された、継続教育（ＣＰＤ・ＣＰＤ
- 21 -
Ｓ）の推奨単位以上を取得したことを示す証明書（以下、「証明書」という。）の
写しを必ず添付すること。添付がない場合は評価しない。
証明書は、審査基準日から過去１年以内の期間に証明期間の一部が含まれ、継続
教育（ＣＰＤ・ＣＰＤＳ）の推奨単位以上が取得されている場合に評価する。
評価にあたっては、証明期間を年単位で評価する。なお、証明期間とは、証明書
に記載されている「対象期間」、「証明期間」等であり、受講した日付より算出す
るものではない。
⑪
４．競争参加資格において、配置予定の主任（監理）技術者の同種工事の工事経
験を複数申請した場合は、③同種工事の工事経験、④同種工事の工事成績、⑤都県
・政令市における工事成績、⑨過去の同種工事の工事経験の合計の評価点が最も高
い同種工事の工事経験により評価する。
（３）賃上げの実施に関する評価
本評価項目で加点を希望する入札参加者は、別記様式－７－１又は別記様式－７－
２の「従業員への賃金引上げ計画の表明書」（以下「表明書」という。）を提出する
こと。なお、共同企業体が加点を受けるには各構成員による表明が必要である。
また、中小企業等については、表明書と合わせて直近の事業年度の「法人税申告書
別表１」（別紙－２）を提出すること。（提出がない場合は加点しない）なお、「中
小企業等」とは、法人税法第66条第２項又は第３項に該当する者のことをいう。ただ
し、同条第５項に該当するものは除く。「大企業」はそれ以外の者のことをいう。
経年的に本評価項目によって加点を受けようとする場合、事業年度単位か暦年単位
かの選択を前年度又は前年から変えることによって、前年度等に加点を受けるために
表明した期間と、当該年度等に加点を受けるために表明した期間が重なり、賃上げ表
明の期間と加点を受ける期間との間に不整合が生じることのないよう、賃上げ表明を
行う期間は、前年度等に加点を受けるために表明した期間と重ならない期間とするこ
と。
なお、本項目で加点を受けた落札者に対しては、落札者が提出した表明書により表
明した率の賃上げを実施したかどうか、当該落札者の事業年度等が終了した後、速や
かに関東地方整備局総務部契約課が確認を行う。本項目で加点を受けた落札者は、以
下に示す書類を事業年度等が終了した後、下記に定める期限までに提出するものとす
る。
具体的には、事業年度単位での賃上げを表明した場合においては、賃上げを表明し
た年度とその前年度の「法人事業概況説明書」（別紙－３）の「「10 主要科目」のう
ち「労務費」、「役員報酬」及び「従業員給料」の合計額」（以下「合計額」とい
う。）を「４期末従業員等の状況」のうち「計」で除した金額を比較することにより
行うこととする。事業年度単位での賃上げを表明した落札者は、当該事業年度及びそ
の前年度の「法人事業概況説明書」（別紙－３）を原則として当該事業年度終了月の
月末から３ヶ月以内に提出すること。（※３）
また、暦年単位での賃上げを表明した場合は、「給与所得の源泉徴収票等の法定調
書合計表」（別紙－４）の「１給与所得の源泉徴収票合計表（375）」の「○
Ａ俸給、給
与、賞与等の総額」の「支払金額」欄を「人員」で除した金額により比較することと
する（※１及び２）。暦年単位での賃上げを表明した落札者は、当該年及びその前年
の「給与所得の源泉徴収票等の法定調書合計表」（別紙－４）を翌年の３月末までに
提出すること。（※３）
複数の受注案件がある場合は全ての受注件名を記載して一度に提出することも可能
- 22 -
とする。詳細は契約締結後、別途周知する。
問い合わせ先及び提出方法は以下のとおり。
①賃上げ実施の確認に関する問い合わせ先
〒330-9724 埼玉県さいたま市中央区新都心２－１
関東地方整備局総務部契約課調査係
電話：048-601-3151
②提出方法
確認書類は、原則として、契約締結後、別途周知する電磁的方法によって提出す
るものとする。
上記の期限までに書類が提出されない場合（※３）又は上記の確認を行った結果、
本取組により加点を受けた落札者が表明書に記載した賃上げ基準に達していない場
合又は本制度の趣旨を意図的に逸脱していると判断された場合は、別途、関東地方
整備局総務部契約課が通知する減点措置の開始の日から１年間に政府調達の総合評
価落札方式による入札公告が行われる調達に参加する場合、本取組により加点する
割合よりも大きな割合（関東地方整備局(港湾空港関係を除く。）が調達する案件
については１点大きな配点）の減点を行う。
なお、共同企業体の場合に、実績確認において構成員の一部又は全部の者が未達
成となった場合、その後の減点措置は当該共同企業体、未達成となった構成員であ
る企業及び未達成となった企業を構成員に含む共同企業体に対して行う。
※１
中小企業等にあっては、上記の比較をすべき金額は、事業年度単位の場合
は別紙－３の「合計額」と、暦年単位の場合は別紙－４の「支払金額」とす
る。
※２
上記書類により賃上げ実績が確認できない場合であっても、税理士又は公
認会計士等の第三者により、上記基準と同等の賃上げ実績を確認することが
できる書類であると認められる書類等が提出された場合には、当該書類をも
って上記書類に代えることができる。
この場合の提出方法、考え方及び具体的な例は別紙－５のとおりである。
※３
賃上げを開始する月が、事業年度開始月よりも、また暦年においては１月
よりも後になる場合においては、賃上げ開始月から１年間の賃上げ実績を評
価することができるため、契約締結後、別途周知する電磁的方法により賃上
げ実施期間と例年の賃上げ実施月に賃上げを実施していることがわかる書類
（任意様式）を提出するものとする。なお、確認書類の提出期限は当該評価
期間の終了月の月末から３ヶ月以内とする。ただし、法人税概況説明書を提
出する場合であって、法人税法第75条の２の規定により、法人税申告書の提
出期限の延長を行う場合は、同法の規定により延長された法人税申告書の提
出期限とする。また事業年度の開始時よりも前の賃上げを実施したときから
１年間を賃上げの実施期間とする場合は、事業年度終了月の月末から３ヶ月
以内とする。
ただし、以下の①～③に示すような、天災地変等やむを得ない事情により賃上げ
を実行することが出来なかった者については、減点措置を課さないこととする。
①
特定非常災害の被害者の権利利益の保全等を図るための特別措置に関する
法律（平成８年法律第85号）第２条第１項の規定に基づき指定された特定非
常災害であって、同法に基づく特別措置の適用対象となる地域に主たる事業
所が所在する企業については特別措置が適用される期間は減点措置を課さな
- 23 -
いこととする。
②
各種経済指標の動向等を踏まえ、平成20年のいわゆる「リーマンショッ
ク」と同程度の経済状況と認められる場合においては、全国において減点措
置を課さないこととする。
③
①及び②に該当しない場合であっても、次のⅠ～Ⅲのような自らの責によ
らない場合でかつ、その事実を客観的に証する書類とともに従業員が署名ま
たは記名・捺印した理由書の提出があり、契約担当官等が必要ないと認める
場合には減点措置を課さないこととする。なお、事実を客観的に証する書類
とは、罹災証明や契約書類の写し等を想定しているが、これに限らない。
Ⅰ
自然災害（風水害、土砂災害、地震、津波、噴火、豪雪等）や人為的
な災害（火災等）等により、事務所、工場、主要な事業所等が被災し、
事業の遂行が一定期間不可能となった場合
Ⅱ
主要な取引先の倒産により業績が著しく悪化した場合
Ⅲ
資材の供給不足等により契約履行期限の延期等が行われ、契約上の代
価の一部を受領できず資金繰りが著しく悪化した場合など
９．申請書及び資料の提出方法
（１）６．資料（競争参加資格に関する資料）の確認等により作成した申請書に、８．評
価方法及び資料（総合評価に関する資料）の確認等により作成した資料を添付し提出
すること。
（２）申請書及び資料の提出方法は以下のとおり。
①受付期限：電子入札システムにより提出する場合及び紙入札方式による場合は別
表－１のとおり。
②受付場所：５．入札手続における担当部局（技術的事項を除く。）に同じ。
③提出方法：申請書及び資料は、電子入札システムで提出すること。ただし、発注
者の承諾を得て、紙入札方式による場合は、上記②に申請書及び資料
を郵送等により提出するものとし、これ以外の方法による提出は認め
ない。なお、提出書類は表紙を１頁とした通し番号を付するとともに
全頁数表示すること（頁の例：１／○○～○○／○○）｡
電子入札システムにおける資料の受付票は、資料の受信を確認したものであり資
料の内容を確認したものではない。
④電子入札システムにより申請書及び資料を提出する場合は以下に留意すること。
１）配布された様式を基に作成するものとし、ファイル形式は以下のいずれかに
よること。なお、提出の際は必ずウィルス対策を実施した上で提出すること。
・Microsoft Word（Word2016形式以降のもの）
・Microsoft Excel（Excel2016形式以降のもの）
・Just System一太郎（Pro4形式以降のもの）
・ＰＤＦファイル
２）複数の申請書及び資料は、１つのファイルにまとめ（２つ以上のファイルは
認めない。また、複数のファイルを圧縮ファイルにすることにより１つのファ
イルにすることは認めない。）、契約書などの印がついているものは、スキャ
ナーで読み込み本文に貼り付け、ファイル容量の合計は１０ＭＢ以内に収め、
電子入札システムの技術資料等アップロードシステムを用いて電子データを登
録し、電子入札システムから登録結果データを提出すること。ただし、圧縮す
- 24 -
ることにより１０ＭＢ以内に収まる場合は、Ｚｉｐ形式又はＬｚｈ形式により
圧縮（自己解凍形式は除く。）して送付することを認める。
申請書及び資料は極力ファイルに収めるものとするが、指定のファイル容量
で収まらない場合は、申請書及び資料のすべてを、申請書及び資料の提出期限
必着で郵送等により提出すること。
また、提出する申請書及び資料と同内容の電子データを指定するメールアド
レスへメールすること。ただし、電子入札システムにより申請書を提出した場
合は除く。なお、電子メールにて提出する際のファイル形式はＰＤＦ形式とし、
一度に送付できるファイル容量は５ＭＢまでとし５ＭＢを超えるファイルは分
割し送付すること。
郵送等の送付先及びメールの送付先は、５．入札手続における担当部局（技
術的事項を除く。）の受付場所と同じとする。
郵送等で申請書及び資料を提出した場合は、電子入札システムにより、競争
参加資格確認申請書として、以下の内容を記載した書面（別記様式－４）のみ
を送信すること。
・郵送等により提出する旨の明示
・郵送等により提出する書類の目録
・郵送等により提出する書類の頁数
・発送年月日
なお、申請書の表紙の押印については、電子認証書が実印と同等の機能を有
するので不要とする。ただし、指定の容量を超過して郵送等により提出する場
合は、本件責任者及び担当者等の必要事項を記入して押印を省略する場合を除
き、押印すること。
また、書面により提出された申請書及び資料とメールにより提出された電子
データに相違がある場合は、書面により提出された申請内容をもって評価する。
（３）競争参加資格の結果は別表－１の日までに電子入札システムで通知する。（ただし、
書面により申請した場合は、電子メールにより通知する。）
（４）押印省略
契約手続きで使用する様式（契約書及び契約締結を委任する委任状を除く）を紙で
提出する場合にあっては、「印」を記載している様式であっても、「本件責任者及び
担当者の氏名及び連絡先（連絡先は２以上）」を明記することにより押印を省略して
差し支えない。なお、２以上の様式で押印を省略する場合で、押印省略に係る必要事
項の記載内容が同一の場合は「様式○と同じ」と記載すること等により、２つ目以降
の連絡先等の記載を省略することができる。
（５）その他
①申請書及び資料の作成及び提出に係る費用は、提出者の負担とする。
②分任支出負担行為担当官は、提出された申請書及び資料を、競争参加資格の確認以
外に提出者に無断で使用しない。
③提出された申請書及び資料は、返却しない。
④提出期限以降における申請書又は資料の差し替え及び再提出は認めない。
⑤提出された申請書及び資料が入札説明書で求めた要件と異なる場合又は不備等があ
る場合は、その項目について評価しないことがある。
10．競争参加資格がないと認めた者に対する理由の説明
- 25 -
（１）競争参加資格がないと認められた者は、分任支出負担行為担当官に対して競争参加
資格がないと認めた理由について、次に従い説明を求めることができる。
①受付期間：別表－１のとおり。
②受付場所：５．入札手続における担当部局（技術的事項を除く。）に同じ。
③提出方法：電子入札システムにより提出すること。ただし、紙入札方式による場合
は書面（様式は自由）を郵送等により提出することとし、ＦＡＸによる
ものは受け付けない。なお、別表－１の期間内に必着である。
（２）分任支出負担行為担当官は、説明を求められたときは別表－１の日までに説明を求
めた者に対し、電子入札システムにより回答する。ただし、紙により提出した者に対
しては電子メールにより回答する。
（３）分任支出負担行為担当官が、（１）により説明を求められたときは、入札日時及び
開札日を延期することがある。なお、この場合別途その旨を入札参加者に対し周知す
る。
11．歩掛見積参考資料の交付
競争参加資格を有する者に対しては、見積もりを行うために必要な歩掛見積参考資料を
下記のとおり交付する。
（１）交付期間：別表－１のとおり。
（２）交付方法：電子入札システムにより交付する。ただし、やむを得ない事由により、
電子入札システムによる入手ができない競争参加資格を有する者に対し
ては、電子メールにより電子データを交付するので、上記５．入札手続
における担当部局（技術的事項を除く。）に電子メールにて依頼を行う
こと。
12．現場説明会
現場説明会は行わないものとする。
13．入札説明書に対する質問
（１）この入札説明書に対する質問がある場合においては、次に従い提出すること。
①提
出
方
法：電子入札システムにより提出すること。ただし、紙入札方式に
よる場合は電子メールにより提出するものとする。
②受領期間及び回答日：以下の区切りにより質問を受付け、また回答する。
・申請書及び資料の提出に対する質問の受領期限：別表－１のとおり。
・申請書及び資料の提出に対する質問の回答期限：別表－１のとおり。
・図面及び仕様書等に対する質問の受領期限：別表－１のとおり。
・図面及び仕様書等に対する質問の回答期限：別表－１のとおり。
また、紙入札参加予定者に対しては電子メールにより上記のとおり回答する。
③受
付
場
所：５．入札手続における担当部局（技術的事項を除く。）に同じ。
（２）質問書の提出にあたっては、質問書に業者名（過去に受注した具体な工事名等の記
載により、業者名が類推される場合も含む。）を記載しないこと。このような質問が
あった場合には、その者の行った入札を無効とすることがある。
紙入札方式による場合に限り、質問書に回答を受ける担当窓口の部署、氏名、電話
及び電子メールアドレスを併記するものとする。
- 26 -
14．入札及び開札の日時及び場所等
（１）入札の締切日時は以下のとおりとする。
入札の締切は、別表－１のとおり。
電子入札システムにより提出すること。ただし発注者の承諾を得た場合は関東地方
整備局東京国道事務所経理課に紙により持参又は郵送（書留郵便に限る。）もしくは
託送（書留郵便と同等のものに限る。）すること。これ以外の方法による提出は認め
ない。
開札は、別表－１のとおり。関東地方整備局東京国道事務所経理課にて行う。
なお、落札決定の日は開札の翌日（土曜日、日曜日及び祝日等（行政機関の休日に
関する法律（昭和63年法律第91号）第１条第１項に規定する行政機関の休日（以下
「休日」という。）は除く。））を予定する。
（２）場所：〒１０２－８３４０
東京都千代田区九段南１－２－１
九段第３合同庁舎
１６階
関東地方整備局
東京国道事務所
経理課
（３）その他：紙による入札を行う場合は、分任支出負担行為担当官関東地方整備局東京
国道事務所長より競争参加資格があることが確認された旨の通知書の写し
を提出すること。
当該通知書は、表封筒と入札書を入れた中封筒の間に入れて、表封筒及び
中封筒に各々封緘をして提出すること。
（４）契約締結日及び工期の始期は令和６年４月１日とする。
ただし、令和６年４月１日までに令和６年度予算（暫定予算を含む。）が成立しな
かった場合は、契約締結日は令和６年４月２日以降、予算が成立した日とする。
（５）暫定予算になった場合、予算措置が全額計上されているときは全額の契約とするが、
予算措置が全額計上されていないときは全体の契約期間に対する暫定予算の期間分の
みの契約とする。
15．入札方法等
（１）入札書は、電子入札システムにより提出すること。ただし、発注者の承諾を得た場
合は紙により持参又は郵送（書留郵便に限る。）もしくは託送（書留郵便と同等のも
のに限る。）すること。これ以外の方法による提出は認めない。
（２）落札決定に当たっては、入札書に記載された金額に当該金額の100分の10に相当する
額を加算した金額（当該金額に１円未満の端数があるときは、その端数金額を切り捨
てた金額）をもって落札価格とするので、入札者は、消費税に係る課税事業者である
か免税事業者であるかを問わず、見積もった契約希望金額の110分の100に相当する金
額を入札書に記載すること。
（３）入札執行回数は、原則として２回を限度とする。
（４）予決令第99条の２に基づく随意契約（以下「不落随契」という。）に移行する場合
がある。その場合は以下のとおりとする。なお、不落随契に伴う見積依頼は、２回目
の入札を行った者に対して行うものとする。
１）見積書提出意思のある者は、見積書の提出を行うこと。
２）見積書提出意思のない者は、辞退届を必ず提出すること。
なお、紙入札方式による入札者は、開札場より退出すること。
３）何ら意思表示のない者は、見積書提出意思のない者とみなす。
- 27 -
16．電子くじについて
電子入札システムでは、入札参加者の利便性向上のため、電子くじ機能を実装している。
電子くじを行うには、入札参加者が任意で設定した000～999の数字が必要になるので、電
子入札による入札参加者は、電子入札システムで電子くじ番号を入力し、紙入札業者は、
紙入札方式参加承諾願に記載するものとする。
17．落札決定の方法
（１）落札者の決定方法
入札参加者は「価格」、「企業・配置予定技術者の技術力」、「賃上げの実施に関
する評価」並びに「施工体制」をもって入札に参加し、次の１）、２）の要件に該当
する者のうち、（３）総合評価の方法によって得られた数値（以下「評価値」とい
う。）の最も高い者を落札者とする。
ただし、落札者となるべき者の入札価格によっては、その者により当該契約の内容
に適合した履行がなされないおそれがあると認められるとき、又はその者と契約を締
結することが公正な取引の秩序を乱すこととなるおそれがあって、著しく不適当であ
ると認められるときは、予定価格の制限の範囲で発注者の定める最低限の要求要件を
全て満たして入札した他の者のうち、評価値の最も高い者を落札者とすることがある。
なお、落札者となるべき者の入札価格が予決令第85条に基づく調査基準価格を下回
る場合は、別紙のとおり、予決令第86条の調査を行うものとする。
１）入札価格が予定価格の制限の範囲内であること。
２）評価値が、標準点を予定価格で除した数値（「基準評価値」）に対して下回らな
いこと。
（２）くじになった場合の取扱い
落札となるべき同価格又は総合評価における評価値が同値（以下「同価格等」とい
う。）の入札をした者が２人以上あり、くじにより落札者の決定を行うこととなった
場合には以下のとおり行うものとする。
１）同価格等の入札をした者が電子入札による入札参加者のみの場合
電子入札による入札参加者が入力した電子くじ番号を元に電子くじを実施のうえ
落札者を決定するものとする。
２）同価格等の入札をした者が電子入札による入札参加者と紙入札業者が混在する場
合
電子入札による入札参加者が入力した電子くじ番号及び紙入札業者が紙入札方式
参加承諾願に記載した電子くじ番号を元に電子くじを実施のうえ落札者を決定す
るものとする。
３）同価格等の入札をした者が紙入札業者のみの場合
その場で紙くじ（又は電子くじ）を実施のうえ落札者を決定するものとする。
（３）総合評価の方法
１）「標準点」を100点とし、「施工体制評価点」の最高点を30点、及び「加算点」の
最高点を43点とする。
２）「加算点」の算出方法は、予定価格の制限の範囲内の入札参加者のうち、下記①
②③の評価項目毎に評価を行った結果、得られた「評価点の合計値」を「加算
点」として与える。また、「施工体制評価点」は下記④の項目を評価して与える。
①企業の技術力
②配置予定技術者の技術力
- 28 -
③賃上げの実施に関する評価
④施工体制（施工体制評価点）
３）「標準点」は、入札説明書等に記載された要求要件を実現できると認められる場
合に100点を与える。
４）価格と価格以外の要素がもたらす総合評価は、入札参加者の「標準点」と、上記
によって得られる「加算点」及び「施工体制評価点」の合計を、当該入札者の入
札価格で除して得た評価値をもって行う。
５）入札参加者の申込みに係る価格（ＶＥ提案等の内容に基づく施工を行うことによ
りコスト縮減の達成が可能となること及びその縮減金額を下記で求める施工体制
の審査に係るヒアリングの追加資料において明らかにしたときは、コスト縮減金
額として局長が認めた金額を当該入札参加者の申込みに係る価格に加えた価格）
が下請業者における赤字の発生及び工事成績評定点における低評価が顕著になる
など品質確保のための体制その他の施工体制が著しく確保されないおそれがある
価格（予定価格の算定の前提とした各費用項目毎の金額に、直接工事費について
は90％、共通仮設費については80%、現場管理費については80%、一般管理費等に
ついては30％をそれぞれ乗じ、さらに100分の110を乗じて得た金額を合計した価
格をいう。）に満たない場合は、２）④の施工体制の審査を特に重点的に行う。
（４）施工体制の審査に係るヒアリング
どのように施工体制を構築し、それが施工内容の実現確実性の向上につながるかを
審査するため、原則として、予定価格の制限の範囲内の価格で申込みをしたすべての
入札参加者に対して、ヒアリングに関する連絡を行う。なお、予定価格を超過した入
札参加者には連絡は行わない。
①場所：〒１０２－８３４０
東京都千代田区九段南１－２－１
九段第３合同庁舎
１５階
関東地方整備局
東京国道事務所
工務第一課
電話
０３－３５１２－９０９４
②資料の提出：入札参加者のうち、その申込みに係る価格が予決令第85条に基づく
調査基準価格（別紙を参照のこと。）に満たない者に対しては、ヒ
アリングのための追加資料の提出を求める。
追加資料を提出すべき旨の連絡は、開札の後、別表－１の日までに
入札参加者あて連絡するものとし、その提出は、別表－１の日まで
に行うものとする。なお、追加資料の提出後の修正及び再提出は認
めない。
提出を求めることとなる追加資料は、別紙のとおり。
③その他：入札参加者別のヒアリング日時及び方法については、追って別紙－１に
より電子メールにて通知する。ヒアリングへの出席者には、配置予定の
主任（監理）技術者を必ず含め、資料の説明が可能な者をあわせ、最大
で３名とする。追加資料の提出を行わない場合及びヒアリングに応じな
い場合は、入札に関する条件に違反した入札として無効とする。
なお、天災・事故等やむを得ない事由により通知したヒアリング日時に
出席できない場合は、①へその旨申し出ること。
審査方法の概要は、別紙のとおり。
18．入札保証金及び契約保証金
- 29 -
（１）入札保証金
免除。
（２）契約保証金
納付（保管金の取扱店
日本銀行丸ノ内代理店（三菱ＵＦＪ銀行新丸
の内支店））。ただし、利付国債の提供（取扱官庁
関東地方整備局）又は金融機関
若しくは保証事業会社の保証（取扱官庁
関東地方整備局）をもって契約保証金の納
付に代えることができる。また、公共工事履行保証証券による保証を付し、又は履行
保証保険契約の締結を行った場合は、契約保証金を免除する。
契約保証金の額、保証金額又は保険金額は請負代金の10分の１（低入札価格調査を
受けた者との契約の場合は10分の３）以上とする。
（３）契約保証金等を必要とする契約の保証期間は、工期を含むものとする。
19．工事費内訳書の提出
（１）第１回の入札に際し、第１回の入札書に記載される入札価格に対応した工事費内訳
書の提出を求める。電子入札による場合は、入札書に内訳書ファイルを添付し同時送
付すること。また、紙による入札の場合は、工事費内訳書を表封筒と入札書を入れた
中封筒の間に入れて、表封筒及び中封筒に各々封緘をして提出すること。
（２）工事費内訳書の様式は、別記様式－５とし、本工事の数量総括表の工種、種別、細
別に対応して単価、数量、金額を記入すること。また、電子入札による場合は、保存
形式は以下によること。なお、提出の際は必ずウィルス対策を実施した上で提出する
こと。
・Microsoft Excel （Excel2016形式以降のもの）
なお、提出ファイルはＰＤＦファイル等への変換は行わず、ファイル容量は３ＭＢ
以内に収めるものとし、３ＭＢ以内に収まらない場合は郵送等により提出すること。
ただし、圧縮することにより３ＭＢ以内に収まる場合は、Ｚｉｐ形式又はＬｚｈ形式
により圧縮（自己解凍形式は除く。）して送付することを認める。
（３）入札参加者は「本件責任者及び担当者」の氏名・連絡先の記載（電子入札システム
により工事費内訳書を提出する場合又は押印がある場合を除く。）及び記名を行った
工事費内訳書を提出しなければならず、分任支出負担行為担当官（補助者を含む。）
が提出された工事費内訳書について説明を求めることがある。また、工事費内訳書が、
次の各項に掲げる場合に該当するものについては、競争契約入札心得第６条第５号に
該当する入札として、原則として当該工事費内訳書提出業者の入札を無効とする。
①未提出であると認められる場合（未提出であると同視できる場合を含む。）
１）内訳書の全部又は一部が提出されていない場合
２）内訳書とは無関係な書類である場合
３）他の工事の内訳書である場合
４）白紙である場合
５）内訳書に「本件責任者及び担当者」の氏名・連絡先の記載が無い又は記載内
容に不備がある場合（電子入札システムにより提出された場合又は押印があ
る場合を除く。）
６）内訳書が特定できない場合
７）他の入札参加者の様式を入手し、使用している場合
②記載すべき事項が欠けている場合
１）内訳の記載が全くない場合
２）入札説明書に指示された項目を満たしていない場合
③添付すべきではない書類が添付されていた場合
- 30 -
１）他の工事の内訳書が添付されていた場合
④記載すべき事項に誤りがある場合
１）発注者名に誤りがある場合
２）発注案件名に誤りがある場合
３）提出業者名に誤りがある場合
４）内訳書の合計金額（工事価格）が入札価格と異なる場合
⑤その他未提出又は不備がある場合
（４）施工体制確認型総合評価方式を行う場合、工事費内訳書は、価格以外の要素として
性能等が提示された入札書の参考図書として提出を求めるものであり、入札書と同時
に、入札書に記載される入札価格に対応した工事費内訳書が提出されないときは、第
一回の入札書に記載される入札価格に対応した工事費内訳書の提出が（１）に違反し
て行われず、別冊関東地方整備局競争契約入札心得第６条第５号に該当するものとし
て入札を無効とする場合を除き、価格以外の要素として提示された性能等の審査を行
うことなく施工体制評価点を０点とするとともに、加算点についても０点とする。
20．開札
開札は、電子入札システムにより行うこととし、入札事務に関係のない職員を立ち会わ
せて行う。
ただし、発注者の承諾を得て、入札参加者が紙による入札を行う場合には、当該紙によ
る入札参加者は開札時に立ち会うこと。
１回目の開札に立ち会わない紙による入札参加者は、再度入札を行うこととなった場合
には再度入札を辞退したものとして取り扱う。
21．入札の無効
入札公告において示した競争参加資格のない者のした入札、申請書又は資料に虚偽の記
載をした者のした入札並びに別冊現場説明書及び別冊関東地方整備局競争契約入札心得に
おいて示した条件等入札に関する条件に違反した入札は無効とし、無効の入札を行った者
を落札者としていた場合には落札決定を取り消す。
なお、分任支出負担行為担当官により競争参加資格のある旨確認された者であっても、
開札時点において、４．競争参加資格に掲げる資格のないものは、競争参加資格のない者
に該当する。
22．契約締結後のＶＥ提案
契約締結後、受注者は、設計図書に定める工事目的物の機能、性能等を低下させること
なく請負代金額を低減することを可能とする施工方法等に係る設計図書の変更について、
発注者に提案することができる。提案が適正と認められた場合には、設計図書を変更し、
必要があると認められる場合には請負代金額の変更を行うものとする。詳細は特記仕様書
等による。
23．配置予定の主任（監理）技術者の確認
落札者決定後、ＣＯＲＩＮＳ等により配置予定の主任（監理）技術者の専任制違反の事
実が確認された場合、契約を結ばないことがある。
なお、死亡、疾病、出産、育児、介護、退職等極めて特別な場合でやむを得ないとして
承認された場合の外は、申請書及び資料の差替えは認められない。病気等特別な理由によ
- 31 -
り、やむを得ず配置予定の主任（監理）技術者を変更する場合は、４．競争参加資格で配
置予定の主任（監理）技術者に求める基準を満たし、かつ、当初の配置予定の主任（監
理）技術者と同等以上の者を配置しなければならない。
24．若手技術者の確認
落札決定後、配置予定の若手技術者（35歳以下）を変更する場合は、当初配置予定の若
手技術者と同等以上の者を配置しなければならない。
25．別に配置を求める技術者
専任の監理技術者の配置が義務づけられている工事において、調査基準価格を下回った
価格をもって契約する場合においては、契約の相手方が関東地方整備局（港湾空港関係を
除く。）発注工事で、入札日から過去２年以内に完成・引渡しが完了した工事、あるいは
入札時点で施工中の工事に関して、以下のいずれかに該当する場合、監理技術者とは別に、
４．競争参加資格で配置予定の主任（監理）技術者に求める要件と同一の要件（４．競争
参加資格で配置予定の主任（監理）技術者に求める同種工事の工事経験を除く。）を満た
す技術者を、専任で１名現場に配置することとする。なお、監理技術者補佐との兼務は認
めない。
①70点未満の工事成績評定を通知された企業。
②発注者から施工中又は施工後において工事請負契約書に基づいて修補又は損害賠償を
請求された企業。ただし、軽微な手直し等は除く。
③品質管理、安全管理に関し、指名停止又は部局長若しくは総括監督員から書面により
警告若しくは注意の喚起を受けた企業。
④自らに起因して工期を大幅に遅延させた企業。
なお、当該技術者は施工中、監理技術者を補助し、監理技術者と同様の職務を行うもの
とする。
また、上記の技術者を求めることとなった場合には、その氏名その他必要な事項を監理
技術者の通知と同様に契約担当官等に通知することとする。
26．契約書作成の要否等
別冊契約書案により、契約書を作成するものとする。
低入札価格調査を受けた者との契約については、別冊契約書案第35条第１項中「10分の
４」を「10分の２」とし、第５項から第７項もこれに準じて割合を変更する。
また、第54条の２第１項中「10分の１」を「10分の３」とする。
なお、別冊契約書案における第５条第３項及び第４項の使用を希望する場合は、落札決
定（予定を含む。）後に以下の手続きを取るものとする。
（１）別冊契約書案第５条第３項及び第４項の使用を希望する落札（予定）者は落札決定
（予定を含む。）の日から２日以内（休日を除く。）にその旨を申し出なければなら
ない。
（２）（１）の申し出があった場合、分任支出負担行為担当官は落札（予定）者が契約を
確実に履行する体制を有しているか否かを確認する調査を実施するものとする。
（３）落札（予定）者は調査の実施に協力し、落札決定（予定を含む。）の日から５日以
内（休日を除く。）に必要な書類を提出すること。
（４）（２）の調査の結果、請負代金債権が工事の施工以外の目的で使用されるおそれが
あると認められるときは、別冊契約書案第５条第３項及び第４項を削除して契約を締
- 32 -
結するものとする。
本工事は、契約手続きにかかる書類の授受を電子契約システムで行う対象工事である。
電子契約システムによりがたく、紙での契約手続きを希望する者は、落札決定後に関東地
方整備局東京国道事務所経理課まで申し出ること。紙契約方式にあたって使用する契約書
は、別冊契約書案により作成し、記名押印のうえ、２通を分任支出負担行為担当官に提出
すること。
27．支払条件
本工事の支払条件は下記のとおりとする。
（１）前金払
有
（２）中間前金払または部分払４回（どちらか一方を選択）
（３）本工事において、中間前金払に代わり、既済部分払を選択した場合には、短い間隔
で出来高に応じた部分払や設計変更協議を実施する「出来高部分払方式」を採用する。
28．火災保険の付保の要否
否
29．本発注工事に直接関連する他の工事の請負契約を、本発注工事の請負契約の相手方との
随意契約により締結する予定の有無。
無
30．非落札理由の説明
（１）非落札者のうち、落札者の決定結果に対して不服がある者は、落札者決定の公表を
行った日の翌日から起算して５日（休日を含まない。）以内に電子入札システムによ
り、東京国道事務所長に対して非落札理由についての説明を求めることができる。但
し、紙入札方式の場合は紙により提出することが出来る。提出先は、５．入札手続に
おける担当部局（技術的事項を除く。）とする。
（２）（１）の非落札理由について説明を求められたときは、説明を求めることができる
最終日の翌日から起算して５日（休日を含まない。）以内に電子入札システムにより
回答する。ただし紙により提出された者に対しては、書面により回答する。
31．再苦情申立て
（１）競争参加資格がないと認められた理由及び非落札理由の説明に不服がある者は書面
を受け取った日から７日（休日を含まない。）以内に書面により、局長に対して再苦
情を申し立てることができる。再苦情申立てについては関東地方整備局入札監視委員
会が審議を行う。
（２）再苦情申立ての受付窓口及び受付時間
・受付窓口：関東地方整備局
総務部
契約課
工事契約調整係
〒330-9724
埼玉県さいたま市中央区新都心２－１
さいたま新都心合同庁舎２号館
17階
電話
048-601-3151（代）
（内）2525
・受付時間：休日を除く毎日９時15分から18時00分まで。
（３）再苦情申立てに関する手続等を示した書類等の入手先
・書類等の入手先：（２）の受付窓口
- 33 -
32．関連情報を入手するための照会窓口
５．入札手続における担当部局（技術的事項を除く。）に同じ。
33．その他
（１）契約の手続において使用する言語及び通貨は、日本語及び日本国通貨に限る。
（２）入札参加者は、別冊関東地方整備局競争契約入札心得及び別冊契約書案を熟読し、
関東地方整備局競争契約入札心得を遵守すること。
（３）申請書又は資料に虚偽の記載をした場合においては、指名停止措置要領に基づく指
名停止措置を行うことがある。
（４）提出された施工実績が「国土交通省地方整備局（港湾空港関係を除く。）」におけ
る場合において、当該施工実績が当該者のものと確認できない場合は提出された当該
実績を当該者の実績として認めない。（当該者のものと確認できない場合とは、合併
及び会社分割等における一般競争（指名競争）参加資格の再認定（又は新規の認定）
を受けていない。若しくは実績の承継が認められていない場合を指す。）
（５）落札者は、資料に記載した配置予定の主任（監理）技術者を本発注工事に配置する
こと。
（６）入札説明書を入手した者は、これを本入札手続以外の目的で使用してはならない。
（７）電子入札システムは休日を除く毎日、９時00分から18時00分まで稼働している。
（８）システム操作上の手引書としては、国土交通省電子入札システムホームページで公
開している「ご利用ガイド」を参考とすること。
（９）障害発生時及び電子入札システム操作等の問い合わせ先は下記のとおりとする。
・システム操作・接続確認等の問い合わせ先
国土交通省電子入札システムヘルプデスク
TEL03-3798-9476
国土交通省電子入札システムホームページ
https://www.e-bisc.go.jp/
・ＩＣカードの不具合等発生時の問い合わせ先
取得しているＩＣカードの認証機関
ただし、申請書及び資料、応札等の締め切り時間が切迫しているなど緊急を要する
場合は、関東地方整備局東京国道事務所経理課電話０３－３５１２－９０９１へ連絡
すること。
（10）入札参加希望者が電子入札システムで書類を送信した場合には、下記に示す通知、
通知書及び受付票を送信者に発行するので必ず、確認をおこなうこと。確認を怠った
場合には以後の入札手続に参加できなくなる等の不利益な取扱いを受ける場合がある。
競争参加資格確認申請書受信確認通知（電子入札システムから自動発行）
競争参加資格確認申請書受付票（受付票を発行した旨を副次的にメールでも知らせ
る。）
競争参加資格確認通知書（通知書を発行した旨を副次的にメールでも知らせる。）
辞退届受信確認（電子入札システムから自動発行）
辞退届受付票
日時変更通知書
入札書受信確認（電子入札システムから自動発行）
入札書受付票（受付票を発行した旨を副次的にメールでも知らせる。）
入札締切通知書（通知書を発行した旨を副次的にメールでも知らせる。）
再入札通知書（通知書を発行した旨を副次的にメールでも知らせる。）
- 34 -
再入札書受信確認（電子入札システムから自動発行）
落札者決定通知書（通知書を発行した旨を副次的にメールでも知らせる。）
決定通知書
保留通知書
取止め通知書
（11）第１回目の入札が不調となった場合、再度入札に移行する。再度入札の日時につい
ては、電子入札、紙により持参が混在する場合があるため、発注者から指示する。開
札時間から約３０分以内には発注者から再入札通知書を送信するので、パソコンの前
で暫く待機すること。開札処理に時間を要し、予定時間を超えるようであれば、発注
者から連絡する。
（12）消費税率については、引渡し時点における消費税法（昭和63年法律第108号）及び地
方税法（昭和25年法律第226号）の施行内容によることとし、必要に応じて、引渡し時
点における消費税率を適用して契約を変更するなどの対応を行うこととする。
（13）「責任あるサプライチェーン等における人権尊重のためのガイドライン」（令和４
年９月１３日ビジネスと人権に関する行動計画の実施に係る関係府省庁施策推進・連
絡会議決定）を踏まえて人権尊重に取り組むよう努めること。
- 35 -
別表－１
本発注工事における手続き期間等
電子入札システムによる受付時間
９時００分から１７時００分まで。
就業時間
９時１５分から１８時００分まで。
３．工事の概要
紙入札方式の申請の受付期間
令和６年１月３１日（水）から
（７）
令和６年２月９日（金）まで
（土曜日、日曜日及び祝日等（行政
機関の休日に関する法律（昭和63年
法律第91号）第１条第１項に規定す
る行政機関の休日（以下「休日」と
いう。））を除く、就業時間内に限
る。ただし、最終日は15時00分まで
とする。）
４．競争参加資格
企業の施工実績とすることがで平成２０年４月１日以降
（５）
きる期間
８．評価方法及び
同種工事の施工実績の評価対象平成２０年４月１日以降
資料（総合評価に
期間
関する資料）の確
工事成績の評価対象期間
令和２年４月１日から
認等（１）
令和５年３月３１日まで
都県・政令市における工事成績令和２年４月１日から
の評価対象期間
令和５年３月３１日まで
優良工事等表彰受賞の有無の評令和５年度
価対象年度
都県・政令市における優良工事令和５年２月１日以降
等表彰受賞の有無の評価対象期
間
難工事施工実績の評価対象期間令和５年２月１日以降
表彰の評価対象年度
令和５年度
８．評価方法及び
同種工事の工事経験の評価対象平成２０年４月１日以降
資料（総合評価に
期間
関する資料）の確
同種工事の工事成績の評価対象平成３１年４月１日から
認等（２）
期間
令和５年３月３１日まで
都県・政令市における工事成績平成３１年４月１日から
の評価対象期間
令和５年３月３１日まで
優秀工事技術者表彰の評価対象令和２年度から令和５年度まで
期間
都県・政令市における優秀工事令和２年２月１日以降
- 36 -
技術者表彰の評価対象期間
難工事施工経験の評価対象期間令和２年２月１日以降
難工事功労表彰の評価対象年度令和２年度から令和５年度まで
９．申請書及び資
申請書及び資料の受付期限
令和６年２月９日（金）まで。
料の提出方法
（審査基準日）
（電子入札システムの場合は電子入
（２）①
札システムの受付時間内、紙入札に
よる場合は就業時間内に限る。ただ
し、最終日は15時00分まで。また、
休日を除く）
９．申請書及び資
競争参加資格の結果通知期限
令和６年２月２９日（木）
料の提出方法
（３）
10．競争参加資格
受付期間
競争参加資格確認通知日から
がないと認めた者
令和６年３月７日（木）まで。
に対する理由の説
（電子入札システムの場合は電子入
明
札システムの受付時間内、紙入札に
よる場合は就業時間内に限る。ま
た、休日を除く）
説明を求められたときの回答期令和６年３月１４日（木）
限
11．歩掛見積参考
交付期間
令和６年２月２９日（木）から
資料の交付
令和６年３月８日（金）まで。
（電子入札システムの場合は電子入
札システムの受付時間内、電子入札
システムで入手が出来ない場合は就
業時間内に限る。ただし、最終日は1
2時00分まで。また、休日を除く。）
13．入札説明書に
申請書及び資料の提出に対する令和６年１月３１日（水）から
対する質問
質問の受領期限
令和６年２月５日（月）まで。
（電子入札システムの場合は電子入
札システムの受付時間内、紙入札に
よる場合は就業時間内に限る。ただ
し、休日を除く）
申請書及び資料の提出に対する令和６年２月７日（水）まで。
質問の回答期限
図面及び仕様書等に対する質問令和６年１月３１日（水）から
の受領期限
令和６年２月２７日（火）まで。
（電子入札システムの場合は電子入
札システムの受付時間内、紙入札に
よる場合は就業時間内に限る。ただ
し、休日を除く）
図面及び仕様書等に対する質問令和６年３月５日（火）まで。
- 37 -
の回答期限
14．入札及び開札
入札の締切
令和６年３月８日（金）
の日時及び場所等
１２時００分
開札
令和６年３月１３日（水）
１０時１５分
17．落札決定の方
追加資料を提出する旨の連絡期令和６年３月１４日（木）
法（４）
限
１８時００分
追加資料の提出期限
令和６年３月１８日（月）
１８時００分
- 38 -
別表－２
本発注工事は、以下に示す試行等の対象工事である。
①
「ワンデーレスポンス」
現場の問題発生に対して迅速な対応を行う「ワンデーレスポンス」を実
実施工事
施する工事である。
②
完成時の工事成績評定の
本工事の完成時の工事成績評定の結果が65点未満であった場合、本発注
結果により、総合評価落
工事の成績評定通知書の通知月から起算して１年間に行われる関東地方整
札方式の加算点等を減ず
備局（港湾空港関係を除く。
）の発注する工事の入札において、総合評価
る試行工事
落札方式の加算点等を減ずる試行工事である。ただし、事故減点は原則適
用外とする。
③
工事コスト調査結果によ
調査基準価格を下回った価格をもって契約する者に対して実施する工事
り、工事成績評定を減ず
完成後の工事コスト調査においては、工事コスト調査結果の内容と、低入
る試行工事
札調査時の重点調査の内容が著しく乖離した場合において、施工体制台帳
の確認やヒアリングの実施等を行い、乖離理由を検討したうえで場合によ
っては、工事成績評定を減ずる試行工事である。なお、工事コスト調査の
内訳については、工事コスト調査終了後関東地方整備局又は東京国道事務
所のホームページにより公表する。
④
建設リサイクル法対象工
建設工事に係る資材の再資源化等に関する法律（平成12年法律第104
事
号）に基づき、分別解体等及び特定建設資材廃棄物の再資源化等の実施が
義務づけられた工事である。
⑤
総価契約単価合意方式
契約変更等における協議の円滑化に資するため、契約締結後に、受発注
者間の協議により総価契約の内訳としての単価等について合意するものと
する。
また、本方式の実施方式としては、イ「単価個別合意方式」
（工事数量
総括表の細別の単価（一式の場合は金額。ロにおいて同じ。
）のそれぞれ
を算出した上で、当該単価について合意する方式）ロ「包括的単価個別合
意方式」
（工事数量総括表の細別の単価に請負代金比率を乗じて得た各金
額について合意する方式）
があり、
受注者が選択するものとする。
ただし、
受注者が「単価個別合意方式」を選択した場合において、協議の開始の日
から14日以内に協議が整わないときは、
「包括的単価個別合意方式」を適
用するものとする。
なお、受注者が「包括的単価個別合意方式」を選択したときは、契約締
結後14日以内に、契約担当課が契約締結後に送付する「包括的単価個別合
意方式希望書」に、必要事項を記載の上、当該契約担当課に提出するもの
とする。
その他本方式の実施手続は、
「総価契約単価合意方式実施要領」
及び
「総
価契約単価合意方式実施要領の解説」によるものとする。
⑥
出来高部分払方式
中間前金払に代わり、既済部分払を選択した場合には、短い間隔で出来
高に応じた部分払や設計変更協議を実施する「出来高部分払方式」を採用
する。
⑦
「設計審査会」の設置対
発注者と受注者が一堂に会して、現場着手前（準備期間内）に工事工程
- 39 -
象工事
クリティカルパスの共有及び工事工程の照合
（クロスチェック）
を実施し、
併せて協議資料作成等の受発注者間の役割分担を明確にする場、また、設
計変更手続きの透明性と公正性の向上及び迅速化のため、設計変更の妥当
性の審議及び設計変更等に伴う工事中止等の判断等を行う場として開催す
る「設計審査会」の設置対象工事である。
⑧
日当たり作業量の補正を
本工事は、
「日当たり作業量の補正を行う試行工事」である。
行う試行工事
⑨
難工事指定工事
本発注工事の完成時に70点以上の工事成績評定を通知された場合、今後
発注される「難工事施工実績評価対象工事」の総合評価の評価項目におい
て加点対象とする「難工事指定」の試行工事である。
⑩
難工事施工実績評価対象
過去に受注した「難工事指定」の試行工事において、完成時の工事成績
工事
評定が70点以上であった場合、本発注工事の総合評価の評価項目において
加点対象とする「難工事施工実績評価対象工事」の試行工事である。
⑪
難工事功労表彰評価対象
過去に受注した「難工事指定」の試行工事について「難工事功労表彰」
工事
を受けた場合に、本発注工事の総合評価の評価項目において加点対象とす
る「難工事功労表彰評価」の試行工事である。
⑫
ＩＣＴ活用工事
本工事は、国土交通省が提唱するi-Constructionに基づき、ＩＣＴの全
【ＩＣＴ舗装工
（修繕工）
】面的活用を図るため、受注者の提案・協議により、起工測量、設計図書の
【施工者希望Ⅱ型】
照査、施工、出来形管理、検査及び工事完成図や施工管理の記録及び関係
書類について３次元データを活用するＩＣＴ活用工事の対象工事（施工者
希望Ⅱ型）である。
受注者は、契約後、施工計画書の提出（施工数量や現場条件の変更によ
る、変更施工計画書の提出を含む）までに監督職員へ提案・協議を行い、
協議が整った場合にＩＣＴ活用施工を行うことができる。
本工事におけるＩＣＴ活用施工は、路面切削工事において、①に示す３
次元起工測量と施工指示に用いる切削計画を作成、また、３次元出来形管
理を行う場合は３次元設計データを作成し、ＩＣＴを用いた３次元出来形
管理等の施工管理を実施した場合は、それらで得られた３次元データを納
品することをいう。
なお、ＩＣＴの活用にかかる費用については、設計変更の対象とし、詳
細については特記仕様書によるものとする。
①
３次元起工測量
（発注者から３次元測量データを貸与できる場合）
発注者から貸与する３次元測量データ（地上移動体搭載型レーザースキ
ャナー等を用いたデータ）を活用することを基本とする。
なお、必要に応じて３次元測量データを取得する場合は下記１）～４）
から選択（複数以上可）して測量を行うものとする。
施工現場の環境条件により、管理断面及び変化点の計測または面的な計
測による測量を選択する。
１）地上型レーザースキャナーを用いた起工測量
２）トータルステーション（ノンプリズム方式）を用いた起工測量
３）地上移動体搭載型レーザースキャナーを用いた起工測量
３）その他の３次元計測技術を用いた起工測量
（発注者から３次元測量データを貸与できない場合）
- 40 -
受注者は交通規制を削減し、下記１）～４）から選択（複数以上可）し
て測量を行うものとする。起工測量は、施工現場の環境条件により、管理
断面及び変化点の計測または面的な計測による測量を選択する。
１）地上型レーザースキャナーを用いた起工測量
２）トータルステーション（ノンプリズム方式）を用いた起工測量
３）地上移動体搭載型レーザースキャナーを用いた起工測量
４）その他の３次元計測技術を用いた起工測量
⑬
ＢＩＭ／ＣＩＭ適用工事
本工事はＢＩＭ／ＣＩＭ適用工事（受注者希望型）である。詳細につい
【受注者希望型】
ては、特記仕様書による。
⑭
工事工程表の開示の試行
本工事は、工期設定の根拠とした工事に必要な関係機関との調整、住民
工事
合意、用地確保、法定手続きなどの進捗状況を踏まえた工事工程表を開示
することにより、適切な工期設定の取組を行う「工事工程表の開示の試行
工事」である。
⑮
週休２日制適用工事
本工事は、受発注者双方が工程調整を行うことにより、週休２日を達成
【発注者指定方式】
するよう工事を実施する「現場閉所による週休２日制適用工事（発注者指
定方式）
」の試行である。
工事期間内において週休２日を確保した工事及び週休２日の確保に向け
た企業の取組みが図られている工事について、工事成績評定の加点評価の
対象とする。
また、本発注工事の完成時に履行実績取組証が発行された場合、今後発注
される総合評価の評価項目において加点対象とする工事である。履行実績取
組証は、現場閉所率が21.4％（6日/28日）以上を達成した場合、発行するも
のである。
詳細については、特記仕様書によるものとする。
⑯「生産性向上チャレンジ」
本工事は、受注者の発案による施工手順の工夫等の創意工夫による生産
の試行工事
性向上の取組みを推進する「生産性向上チャレンジ」を行う試行工事であ
る。詳細については、特記仕様書によるものとする。
⑰
熱中症対策に資する現場
本工事は、夏季における、真夏日などの気候状況を考慮し、工事現場の
管理費の補正の試行工事
熱中症対策に掛かる経費に関して
「熱中症対策に資する現場管理費の補正」
を行う試行工事である。詳細については、特記仕様書によるものとする。
別
紙
（入札説明書17．
（１）
（４）②に示す別紙。
）
Ⅰ
施工体制確認型総合評価落札方式について
１
調査基準価格
調査基準価格は、予定価格算出の基礎となった次に掲げる額に、100分の110を乗じ
て得た額の合計額とする。ただし、その額が予定価格に10分の9.2を乗じて得た額を
超える場合にあっては予定価格に10分の9.2を乗じて得た額とし、
予定価格に10分の7.
5を乗じて得た額に満たない場合にあっては予定価格に10分の7.5を乗じて得た額とす
る。
（１）直接工事費の額に１０分の９．７を乗じて得た額
（２）共通仮設費の額に１０分の９を乗じて得た額
（３）現場管理費の額に１０分の９を乗じて得た額
（４）一般管理費等の額に１０分の６．８を乗じて得た額
２
ヒアリングのための追加資料
（１）入札参加者の申込みに係る価格が１の調査基準価格に満たないときは、次の様式
の提出を求めるものとする。
・施工体制台帳（様式１）
・資材購入予定先一覧（様式２）
・機械リース元一覧（様式３）
・労務者の確保計画（様式４－１）
・工種別労務者配置計画（様式４－２）
・契約対象工事箇所と入札者の事務所、倉庫等との関係（様式５）
・配置予定技術者名簿（様式６）
・品質確保体制（品質管理のための人員体制）
（様式７－１）
・品質確保体制（品質管理計画書）
（様式７－２）
・品質確保体制（出来形管理計画書（様式７－３）
・安全衛生管理体制（安全衛生教育、点検計画等）
（様式８）
・建設副産物の搬出地（様式９）
・下請予定業者等一覧表（様式１０）
（２）ＶＥ提案等の内容に基づく施工を行うことによりコスト縮減の達成が可能となる
場合は、コスト縮減額の算定根拠として次の様式を提出するものとする。なお、こ
れらの提出がない場合には、当該コスト縮減に関する評価を行わない。
・ＶＥ提案等によるコスト縮減額調書（様式１１）
３
審査方法の概要
施工体制に関する審査は、価格以外の要素が提示された入札書（施工計画等）
、本
文17.（４）の施工体制確認のためのヒアリング、２（１）の追加資料及び工事費内
訳書等をもとに、次の各項目について行う。なお、２（１）の追加資料の提出をしな
い場合及びヒアリングに応じない場合には、入札に関する条件に違反したものとして
その者の入札を無効とすることがあることに留意すること。
（１）入札説明書等に記載された要求要件を実現できること
入札価格の範囲内において入札説明書等に記載された要求要件が実現できるかを
審査する。審査の結果、要求要件が実現できないと認めるときは、技術提案を採用
せず、標準点、施工体制評価点及び加算点は与えないものとする。
（２）品質確保の実効性
入札価格の範囲内において、どのように工事の品質確保のための体制づくりを行
い、それが入札説明書等に記載された要求要件の実現に係る確実性の向上につなが
るかについて審査する。
入札参加者の申込みに係る価格が１の調査基準価格以上であるときは、審査項目
に関する体制が必ずしも十分に構築されないと認める事情がある場合に限り、品質
確保の実効性に係る施工体制評価点を満点から減点する。
入札参加者の申込みに係る価格が１の調査基準価格を満たさないときは、工事品
質確保について契約の内容に適合した履行がなされないこととなるおそれがあるこ
とから、下記の項目に関する体制が構築されると認める場合に限り、その程度に応
じて品質確保の実効性に係る施工体制評価点を加点する。特に、下請業者における
赤字の発生及び工事成績評定点における低評価が顕著になるなど品質確保のための
体制その他の施工体制が著しく確保されないおそれがある価格（予定価格の算定の
前提とした各費用項目毎の金額に、直接工事費については90％、共通仮設費につい
ては80％、現場管理費については80％、一般管理費等については30％をそれぞれ乗
じ、さらに100分の110を乗じて得た金額を合計した価格をいう。
（３）において同
じ。
）に満たない価格で入札した者については、審査を特に重点的に行い、審査項
目に関する体制をどのように構築するかが具体的に確認できる場合に限り施工体制
評価点を加点する。
【審査項目】
①
建設副産物の受け入れ、過積載防止等の法令遵守の対応を確実に行うことが可
能と認められるか（様式９）
②
安全確保の体制が構築されると認められるか（様式８）
③
その他工事の品質確保のための体制が構築されると認められるか
（様式７－１、
様式７－２、様式７－３）
（３）施工体制確保の確実性
入札価格の範囲内において、品質確保のための体制のほか、どのように施工体制
づくりを行い、それが入札説明書等に記載された要求要件の実現に係る確実性の向
上につながるかについて審査する。
入札参加者の申込みに係る価格が１の調査基準価格以上であるときは、審査項目
に関する体制が必ずしも十分に構築されないと認める事情がある場合に限り、施工
体制確保の確実性に係る施工体制評価点を満点から減点する。
入札参加者の申込みに係る価格が１の調査基準価格を満たさないときは、施工体
制確保について契約の内容に適合した履行がなされないこととなるおそれがあるこ
とから、審査項目に関する体制が構築されると認める場合に限り、その程度に応じ
て施工体制確保の確実性に係る施工体制評価点を加点する。特に、下請業者におけ
る赤字の発生及び工事成績評定点における低評価が顕著になるなど品質確保のため
の体制その他の施工体制が著しく確保されないおそれがある価格に満たない価格で
入札した者については、審査を特に重点的に行い、下記の項目に関する体制をどの
ように構築するかが具体的に確認できる場合に限り施工体制評価点を加点する。
【審査項目】
①
下請会社、担当工種、工事費内訳書等を勘案し、施工体制が確実に構築される
と認められるか。
（様式１、様式１０）
②
施工計画を実施するための資機材の調達、労務者の確保計画等を勘案し、施工
体制が確実に構築されると認められるか（様式２、様式３、様式４－１、様式４
－２）
③
配置予定技術者が必要な資格を有しており、
その配置が確実と認められるか
（様
式６）
Ⅱ
予算決算及び会計令第86条の調査について
１
予決令第85条に基づく調査基準価格を下回る価格で入札を行った者に対し、予決令
第86条の調査（低入札価格調査）を実施する。
ここで、調査基準価格は、Ⅰ１に記載するとおりである。
２
入札の結果、調査基準価格を下回る入札が行われた場合には、入札者に対して「保
留」と宣言し、会計法第29条の６第１項ただし書きの規定により、落札者は後日決定
する旨を告げて、入札を終了する。
３
低入札価格調査においては、次のような内容につき、入札者からの事情聴取、関係
機関への照会等の調査を行う。
(1)
その価格により入札した理由
(2)
契約対象工事附近における手持工事の状況
(3)
契約対象工事に関連する手持工事の状況
(4)
契約対象工事箇所と入札者の事務所、倉庫等との関連（地理的条件）
(5)
手持資材の状況
(6)
資材購入先及び購入先と入札者の関係
(7)
手持機械数の状況
(8)
労務者の具体的供給見通し
(9)
過去に施工した公共工事名及び発注者
(10) 経営内容
(11) (1)から(10)までの事情聴取した結果についての調査確認
(12) (9)の公共工事の成績状況
(13) 経営状況（取引金融機関、保証会社等への照会を行う。
）
(14) 信用状況（建設業法違反の有無、賃金不払いの状況、下請代金の支払遅延状況、
その他）
(15) その他必要な事項
４
低入札価格調査の対象者のうち、その者の申し込みに係る価格の積算内訳である次
の表上欄に掲げる各費用の額のいずれかが、予定価格の積算内訳である同表上欄に掲
げる各費用の額に同表下欄に掲げる率を乗じて得た金額に満たないものに対しては、
低入札価格調査の実施に際し、特に重点的な調査（特別重点調査）を実施する。
直接工事費
共通仮設費
現場管理費
一般管理費等
90％
80％
80％
30％
５
３に基づく調査の内容のうち、特に次の内容について重点的に調査を行うため、４
に定める特別重点調査の対象者は、原則として、特別重点調査を行う旨の連絡を受け
た日の翌日から起算して７日以内に次に定める様式による資料及びその添付書類を提
出すること。また、施工体制確認型総合評価においてⅠ２に基づき提出した資料と異
なる内容を記載しないこと。
(1)
当該価格で入札した理由（様式１）
(2)
積算内訳書（様式２－１、様式２－２、様式２－３）
(3)
下請予定業者等一覧表（様式３）
(4)
配置予定技術者名簿（様式４）
(5)
手持ち工事の状況（様式５－１、様式５－２）
(6)
契約対象工事箇所と入札者の事務所、倉庫等との関係（様式６）
(7)
手持ち資材の状況（様式７－１）
(8)
資材購入予定先一覧（様式７－２）
(9)
手持ち機械の状況（様式８－１）
(10) 機械リース元一覧（様式８－２）
(11) 労務者の確保計画（様式９－１）
(12) 工種別労務者配置計画（様式９－２）
(13) 建設副産物の搬出地（様式１０）
(14) 建設副産物の搬出及び資材等の搬入に関する運搬計画書（様式１１）
(15) 品質確保体制（品質管理のための人員体制）
（様式１２－１）
(16) 品質確保体制（品質管理計画書）
（様式１２－２）
(17) 品質確保体制（出来形管理計画書）
（様式１２－３）
(18) 安全衛生管理体制（安全衛生教育）
（様式１３－１）
(19) 安全衛生管理体制（点検計画）
（様式１３－２）
(20) 安全衛生管理体制（仮設設置計画）
（様式１３－３）
(21) 安全衛生管理体制（交通誘導員設置計画）
（様式１３－４）
(22) 誓約書（様式１４）
(23) 施工体制台帳（様式１５）
(24) 過去に施工した同種の公共工事名及び発注者（様式１６）
６
必要に応じ、５以外の説明資料の提出を求めることがある。
７
特別重点調査の対象者は、５及び６の資料のほか、契約の内容に適合した履行が可
能であることを立証するために必要と認める任意の書類をあわせて提出することがで
きる。
８
５の資料については、提出期限後の差し替え及び再提出は認めない。ただし、５の
資料の補正等を行うべき旨の教示を受けた場合は、所定の期限までに原則として１回
に限り再提出等を行うことができる。
９
５の資料の提出後、速やかに、入札者により契約の内容に適合した履行がされない
おそれがないかを厳格に確認するため、
入札者の責任者
（支店長、
営業所長等をいう。
）
から事情聴取を行う。なお、事情聴取の日時及び場所は対象となる者に追って通知す
る。
10
特別重点調査は、施工体制確認型総合評価における評価値の最も高い者のほか、４
の基準に該当する複数の者について並行して行うことがある。この場合、調査の対象
者は、これに協力しなければならない。
11
５及び６の資料を期限までに提出しない場合又は９の事情聴取に応じない場合など
特別重点調査に協力しない場合は、関東地方整備局競争契約入札心得第７条第２項の
規定に違反するものとして入札を無効とする。
12
特別重点調査の対象者が当該調査において虚偽の資料提出若しくは説明を行ったこ
とが明らかとなった場合又は13に記載する重点的な監督及び14に記載する工事コスト
調査の結果内容と入札時の特別重点調査の内容とが著しく乖離した場合（合理的な乖
離理由が確認できる場合を除く。
）は、工事成績評定に厳格に反映するとともに指名
停止措置を講ずることがある。
13
特別重点調査で提出された資料等は、契約締結後に監督職員に引き継ぐものとし、
監督員が施工体制台帳及び施工計画書の内容についてヒアリングを行った結果、それ
らが特別重点調査時の内容と異なる場合は、その理由等について確認を行う。
14
特別重点調査を経て契約を行った工事については、工事完成後に行う工事コスト調
査を厳格に行う。
15
特別重点調査において、その見積もった施工費用の額を下回る価格で受注する意思
を示した入札者がある場合は、公正取引委員会にその意思を示した入札者に関する情
報、その見積もった施工費用の額、様式14による誓約書など関係情報の通報を行う。
また、その見積もった施工費用の額を下回る価格で受注した者がある場合は、その
受注者に関する情報その他特別重点調査で提出のあった資料を建設業許可部局に対し
通報するとともに、その受注者に関する情報、受注者の見積もりによる施工費用の額
等を国土交通省及び地方整備局のホームページにおいて公表する。
16
特別重点調査の結果は、公表することがある。
使用する様式一覧
様式番号
名
称
様式１
施工体制台帳
様式２
資材購入予定先一覧
様式３
機械リース元一覧
様式４－１
労務者の確保計画
様式４－２
工種別労務者配置計画
様式５
契約対象工事箇所と入札者の事務所、倉庫等との関係
様式６
配置予定技術者名簿
様式及び添付
様式７－１
品質確保体制（品質管理のための人員体制）
資料を提出
様式７－２
品質確保体制（品質管理計画書）
様式７－３
品質確保体制（出来形管理計画書）
様式８
安全衛生管理体制（安全衛生教育、点検計画等）
様式９
建設副産物の搬出地
様式１０
下請予定業者等一覧表
様式１１
ＶＥ提案等によるコスト縮減額調書
作成要領（各様式共通）
１．入札者は、分任支出負担行為担当官があらかじめ指定した期日までに記載要領に従っ
て作成した各様式及び各様式の添付書類を提出しなければならない。
２．提出期限以降における提出書類の差し替え及び再提出は、認めない。ただし、分任支
出負担行為担当官が記載要領に従った記載とし、又は必要な添付書類を提出するよう教
示をした場合は、この限りでない。
３．各様式に記載した内容を立証するため、各様式ごとに提出すべき添付書類のほか、入
札者が必要と認める添付書類を提出することができる（この場合、任意の添付書類であ
る旨を各資料の右上部に明記するものとする。
）
。
４．分任支出負担行為担当官は、発注者の単価に比して相当程度低い単価を採用している
と認めるときは、
必要に応じ、
各様式ごとに提出すべきことを記した添付書類以外にも、
入札者によって契約の内容に適合した履行がされないおそれがあると認められるかどう
かを判断するために別途の説明資料の提出を求めることがある。
様式２
資材購入予定先一覧
記載要領
１．
「単価」の欄には、購入予定業者から資材の納入を受ける際の支払予定の金額で、当
該業者の取引実績（過去１年以内の販売実績に限る。
）のある単価以上の金額等合理的
かつ現実的なものを記載する。
２．
「購入先名」の「入札者との関係」欄には、入札者と購入予定業者との関係を記載す
る。
（例）協力会社、同族会社、資本提携会社等
また、取引年数を括弧書きで記載する。
３．手持ち資材以外で自社製品の資材の活用を予定している場合についても本様式に記載
するものとし、
「単価」の欄に自社の製造部門が第三者と取引した際の販売実績額又は
製造原価（いずれも過去１年以内のものに限る。
）を、
「購入先名」の欄に当該製造部門
に関する事項を、それぞれ記載する。
様式３
機械リース元一覧
記載要領
１．本様式は、入札者が直接機械のリースを受けようとする予定業者について作成する。
２．
「単価」の欄には、機械リース予定業者からリースを受ける際の支払予定の金額で、
当該業者の取引実績（過去１年以内のものに限る。
）のある単価以上の金額等合理的か
つ現実的なものを記載する。
３．
「リース元名」の「入札者との関係」欄には、入札者と機械リース予定業者との関係
を記載する。
（例）協力会社、同族会社、資本提携会社等
また、取引年数を括弧書きで記載する。
４．手持ち機械以外で自社の機械リース部門からのリースを予定している場合についても
本様式に記載するものとし、
「単価」の欄に、自社の機械リース部門が第三者と取引し
た際の実績額又は原価（例えば、年間の維持管理費用（減価償却費を含む。
）を契約対
象工事の専属的使用予定日数で按分した金額に運転経費を加えた額。
）
（いずれも過去１
年以内のものに限る。
）等合理的かつ現実的な額を、
「リース元名」の欄に当該機械リー
ス部門に関する事項を、それぞれ記載する。
様式４－１
労務者の確保計画
記載要領
１．
自社労務者と下請労務者とを区別し、
自社労務者については労務単価、
員数とも
（
）
内に外書きする。
２．
「労務単価」の欄には、経費を除いた労務者に支払われる予定の日額賃金の額を記載
する。
自社労務者に係る労務単価については、契約対象工事について発注者から受け取る請
負代金から支弁することを予定していない場合にあっても、当該自社労務者に支払う予
定の賃金の額を記載する。
３．
「員数」の欄には、使用する労務者の延べ人数を記載する。
４．
「下請会社名等」の欄には、労務者を使用する下請会社名、入札者と当該下請会社と
の関係を記載する。
（例）協力会社、同族会社、資本提携会社等
取引年数を括弧書きで記載する。
様式４－２
工種別労務者配置計画
記載要領
１．
本様式には、
様式４－１の計画により確保する労務者の配置に関する計画を記載する。
２．
「配置予定人数」欄は、毎年度国土交通省が発表する「公共工事設計労務単価」の50
職種のうち必要な職種について記載する。
様式５
契約対象工事箇所と入札者の事務所、倉庫等との関係
記載要領
１．本様式は、入札者の事務所、倉庫等のうち、契約対象工事の工事費の縮減に寄与する
ものについて作成する。
２．当該事務所、倉庫、資材保管場所等が近距離に存在することにより、契約対象工事に
関する現場事務所、
倉庫、
資材保管場所等に係る営繕費や資機材の運搬費、
通信交通費、
事務用品費など、
どの経費をいくら縮減できるかを根拠を含めて計数的に明らかにする。
様式６
配置予定技術者名簿
記載要領
１．配置を予定する主任技術者又は監理技術者及び現場代理人について記載する。
２．入札説明書に定める条件により、配置が必要な監理技術者と同一の要件を満たす技術
者を現場に配置することとなるときは、その者についても記載する。
様式７－１
品質確保体制（品質管理のための人員体制）
記載要領
１．本様式には、工事の品質管理を行うための人員体制全般に関する事項のうち、様式７
－２で記載する品質確保のための各種試験等に要する体制及び様式７－３で記載する出
来形管理のための検査体制に関する事項以外の事項について記載する。
２．
「諸費用」の欄は、
「実施事項」の欄に記載した品質管理のための取組に要する費用に
ついて記載するものとし、当該取組に要する費用を積算内訳書上見込んでいる場合に、
「見込額」の欄には当該取組に要する費用の総額（契約対象工事について発注者から受
け取る請負代金から支弁することを予定していない場合を含む。
）
を、
「計上した工種等」
の欄には「工事区分・工種・種別・細目」のいずれに計上しているかを記載する。
３．
「諸費用」の「技術者単価」の欄には、経費を除いた技術者に支払われる予定の賃金
の額を記載する。
様式７－２
品質確保体制（品質管理計画書）
記載要領
１．本様式には、工事の品質確保のための各種試験等に要する体制のうち、様式７－３で
記載する出来形管理のための検査体制に関する事項以外の事項について記載する。
２．
「諸費用」の欄は、
「品質管理項目」の欄に記載した品質管理のための各種試験に要す
る費用について記載するものとし、当該試験に要する費用を積算内訳書上見込んでいる
場合に、
「見込額」の欄には当該試験に要する費用の総額を、
「計上した工種等」の欄に
は「工事区分・工種・種別・細目」のいずれに計上しているかを記載する。
様式７－３
品質確保体制（出来形管理計画書）
記載要領
１．本様式は、工事の品質確保のために行う出来形管理の検査体制に関する事項について
記載する。
２．
「諸費用」の欄には、
「出来形管理項目」の欄に記載した出来形管理のための各種検査
に要する費用について記載するものとし、当該検査に要する費用を積算内訳書上見込ん
でいる場合に、
「見込額」の欄には当該検査に要する費用の総額を、
「計上した工種等」
の欄には「工事区分・工種・種別・細目」のいずれに計上しているかを記載する。
様式８
安全衛生管理体制（安全衛生教育）
（点検計画等）
記載要領
１．本様式は、工事に係る安全衛生管理のための教育、訓練及び危険箇所の点検等に関す
る事項について記載する。
２．
「諸費用」の欄は、
「実施内容」の欄に記載した教育、訓練等のための取組に要する費
用について記載するものとし、当該取組に要する費用を積算内訳書上見込んでいる場合
に、
「見込額」の欄には当該取組に要する費用の総額（契約対象工事について発注者か
ら受け取る請負代金から支弁することを予定していない場合を含む。
）を、
「計上した工
種等」
の欄には
「工事区分・工種・種別・細目」
のいずれに計上しているかを記載する。
様式９
建設副産物の搬出地
記載要領
１．契約対象工事で発生するすべての建設副産物について記載する。
２．
「受入れ価格」の欄には、建設副産物の受入れ予定会社が受け入れる予定の金額で、
当該会社の取引実績（過去１年以内の受入れ実績に限る。
）のある単価以上の金額等合
理的かつ現実的なものを記載する。
様式１０
下請予定業者等一覧表
記載要領
１．下請予定業者、直接納入を受けようとする資材業者や機械リース会社について会社単
位で記載するとともに、契約対象工事において使用を予定する自社保有の資機材や労務
者についても記載する。
２．下請予定業者が担当工事において使用する予定の機械経費、労務費、資材費、その他
費用の区分別の金額内訳を記載する。
３．
購入予定の資材については様式２、
直接リースを受ける予定の機械については様式３、
確保しようとする労務者については様式４－１に対応した内容とする。
様式１１
ＶＥ提案等によるコスト縮減額調書
記載要領
１．コスト縮減前及びコスト縮減後の単価をそれぞれ記載する。
（例）購入土
○× △△＝▲▲▲（単価○○円/㎥）
発生土
◇× ■■＝□□□（単価○○円/㎥）
◆◆㎥を削減
２．記載例の場合、Ａ－Ｂ間の距離、想定ルート、想定移動時間等を記載する。
使用する様式一覧
様式番号
名
称
様式１
当該価格で入札した理由
様式２－１
積算内訳書（兼）コスト縮減額算定調書①
様式２－２
内訳書に対する明細書（兼）コスト縮減額算定調書②
様式２－３
一般管理費等の内訳書
様式３
下請予定業者等一覧表
様式４
配置予定技術者名簿
様式５－１
手持ち工事の状況（対象工事現場付近）
様式５－２
手持ち工事の状況（対象工事関連）
様式６
契約対象工事箇所と入札者の事務所、倉庫等との関係
様式７－１
手持ち資材の状況
様式７－２
資材購入予定先一覧
様式８－１
手持ち機械の状況
様式及び添付
様式８－２
機械リース元一覧
資料を提出
様式９－１
労務者の確保計画
様式９－２
工種別労務者配置計画
様式１０
建設副産物の搬出地
様式１１
建設副産物の搬出及び資材等の搬入に関する運搬計画書
様式12－1
品質確保体制（品質管理のための人員体制）
様式12－2
品質確保体制（品質管理計画書）
様式12－3
品質確保体制（出来形管理計画書）
様式13－1
安全衛生管理体制（安全衛生教育等）
様式13－2
安全衛生管理体制（点検計画）
様式13－3
安全衛生管理体制（仮設設置計画）
様式13－4
安全衛生管理体制（交通誘導員配置計画）
様式14
誓約書
様式15
施工体制台帳
様式16
過去に施工した同種の公共工事名及び発注者
作成要領（各様式共通）
１．入札者は、分任支出負担行為担当官があらかじめ指定した期日までに記載要領に従っ
て作成した各様式及び各様式の添付書類を提出しなければならない。
２．提出期限以降における提出書類の差し替え及び再提出は、認めない。ただし、分任支
出負担行為担当官が記載要領に従った記載とし、又は必要な添付書類を提出するよう教
示をした場合は、この限りでない。
３．入札者は、施工体制確認型総合評価落札方式により落札者を決定しようとする工事に
ついて、その申込みに係る価格が予算決算及び会計令（昭和22年勅令第165号。以下「予
決令」という。
）第85条に基づく調査基準価格に満たないために、分任支出負担行為担
当官の求めに応じ、施工体制確認型総合評価の審査のため追加資料を提出したときは、
各様式に当該追加資料の記載内容と異なる内容を記載してはならない。
４．各様式に記載した内容を立証するため、各様式ごとに提出すべき添付書類のほか、入
札者が必要と認める添付書類を提出することができる（この場合、任意の添付書類であ
る旨を各資料の右上部に明記するものとする。
）
。
５．分任支出負担行為担当官は、発注者の単価に比して相当程度低い単価を採用している
と認めるときは、
必要に応じ、
各様式ごとに提出すべきことを記した添付書類以外にも、
入札者によって契約の内容に適合した履行がされないおそれがあると認められるかどう
かを判断するために別途の説明資料の提出を求めることがある。
様式１
当該価格で入札した理由
記載要領
１．当該価格で入札した理由を、労務費、手持ち工事の状況、契約対象工事現場と当該入
札者の事務所・倉庫等との関係、手持ち資材の状況、手持ち機械の状況、下請予定業者
の協力等の面から記載する。
２．直接工事費、共通仮設費、現場管理費又は一般管理費等の各費目別に、自社が入札し
た価格で施工可能な理由を具体的に記載するとともに、各理由ごとに、その根拠となる
べき以下の様式の番号を付記する（以下の様式によっては自社が入札した価格で施工可
能な理由が計数的に証明されない場合は、本様式又は添付書類において計数的説明を行
うものとする。
）
。
３．なお、当該価格で入札した結果、安全で良質な施工を行うことは当然である。
様式２－１
積算内訳書（兼）コスト縮減額算定調書①
記載要領
１．数量総括表に対応する内訳書とする。
２．以下の様式に記載する内容と矛盾のない内訳書とする。
３．契約対象工事の施工に当たって必要となるすべての費用を計上しなければならないも
のとし、
発注者から受け取る請負代金から支弁することを予定していない費用
（例えば、
本社の社員を活用する場合など本社経費等により負担する費用）についても計上するも
のとする。
４．計上する金額は、計数的根拠のある合理的なもので、かつ、現実的なものでなければ
ならないものとし、具体的には、過去１年以内の取引実績に基づく下請予定業者（入札
者が直接工事を請け負わせることを予定する下請負人をいう。
以下同じ。
）
等の見積書、
自社の資機材や社員の活用を予定する場合は原価計算に基づく原価等を適切に反映させ
た合理的かつ現実的なものとする。
５．自社労務者に係る費用は直接工事費に、また、自社の現場管理職員（技術者等）及び
自社の交通誘導員に係る費用は現場管理費にそれぞれ計上するものとし、一般管理費等
には計上しないものとする。
６．現場管理費の費目には、租税公課、保険料、従業員給与手当、法定福利費、外注経費
などを適切に計上するものとする。
このうち、様式4に記載する技術者及び様式13-4に記載する自社社員の交通誘導員に
係る従業員給与手当及び法定福利費については、他と区分して別計上とする。
７．一般管理費等の費目には、法定福利費、修繕維持費、事務用品費、通信交通費、動力
用水光熱費、地代家賃、減価償却費、租税公課、保険料、契約保証費などを適切に計上
するものとする。
８．入札者の申込みに係る金額が、契約対象工事の施工に要する費用の額（上記３の定め
に従って計上したもの）を下回るときは、その下回る額を不足額として一般管理費等の
金額に計上する。
９．工事の施工に必要な費用との対応関係が不明確な「値引き」
、
「調整額」
、
「お得意様割
引」等の名目による金額計上は行わないものとする。
添付書類
１．本様式に記載する現場管理費のうち、記載要領６により別計上とした技術者及び自社
社員の交通誘導員に対する過去３月分の給与支払額等が確認できる給与明細書又は労働
基準法（昭和22年法律第49号）第108条の規定に基づく賃金台帳の写し及び過去３月分
の法定福利費（事業者負担分）の負担状況が確認できる書面の写し等を添付する。
２．上記１の添付書類のほか、下請予定業者や納入予定業者の見積書など積算根拠を示す
もの（取引実績や購入原価等に裏付けられたもの）を添付する。ただし、以下の様式及
び添付書類によって積算根拠や取引実績等の裏付けが確認できる場合は、本様式の添付
書類として添付することを要しない。
（注）本様式は、積算内訳書として提出するものとする。
様式２－２
内訳書に対する明細書（兼）コスト縮減額算定調書②
記載要領
１．本様式は、様式２－１に対する明細を記載する。更なる明細が必要な場合は、本様式
を使用することによるものとする。
２．直接工事費だけでなく、共通仮設費及び現場管理費についても、本様式による明細を
作成する。
（注）本様式は、内訳書に対する明細書として提出するものとする。
様式２－３
一般管理費等の内訳書
記載要領
１．本様式は、一般管理費等の内訳明細を記載する。
２．本様式には、少なくとも、法定福利費、修繕維持費、事務用品費、通信交通費、動力
用水光熱費、地代家賃、減価償却費、租税公課、保険料、契約保証費に係る項目別の金
額を明示する。
様式３
下請予定業者等一覧表
記載要領
１．下請予定業者、直接納入を受けようとする資材業者や機械リース会社について会社単
位で記載するとともに、契約対象工事において使用を予定する自社保有の資機材や労務
者についても記載する。
２．下請予定業者が担当工事において使用する予定の機械経費、労務費、資材費、その他
費用の区分別の金額内訳を記載する。
３．使用を予定する手持ち資材については様式７ー１、購入予定の資材については様式７
－２、使用を予定する手持ち機械については様式８－１、直接リースを受ける予定の機
械については様式８－２、確保しようとする労務者については様式９－１に対応した内
容とする。
添付書類
１．
本様式に記載したすべての下請予定業者について、
その押印した見積書
（建設業法
（昭
和24年法律第100号）第20条に基づき、機械経費、労務費、資材費、その他費用の区分
別の経費内訳を明らかにしたもの）を添付する。
２．上記１の見積書に係る機械経費、労務費、資材費、その他費用の区分別の経費内訳ご
との金額が、過去１年以内に下請業者として施工した実績のある同様の工事における金
額に基づいた合理的かつ現実的なものであることを明らかにする当該工事の経費内訳を
明らかにした見積書や契約書等の書面を添付する（当分の間、労務費について添付する
書面は、上記の見積書や契約書等の書面に代えて、その下請予定業者が労務者に支払っ
た給与の実績が確認できる過去３月分の給与明細書又は労働基準法第108条の規定に基
づく賃金台帳の写しでも差し支えない。
）
。
様式４
配置予定技術者名簿
記載要領
１．配置を予定する主任技術者又は監理技術者及び現場代理人について記載する。
２．入札説明書に定める条件により、配置が必要な監理技術者と同一の要件を満たす技術
者を現場に配置することとなるときは、その者についても記載する。
添付資料
１．本様式に記載した技術者等が自社社員であることを証明する健康保険証等の写しを添
付する。
２．記載した技術者等が必要な資格を有することを証明する書面の写しを添付する。
様式５－１
手持ち工事の状況（対象工事現場付近）
記載要領
１．本様式は、契約対象工事現場付近（半径10km程度）の手持ち工事のうち、契約対象工
事の工事費の縮減に寄与するものに限り、当該手持ち工事ごとに作成する。
２．
「経費削減可能額及びその計数的根拠」の欄においては、当該手持ち工事が契約対象
工事のどの経費をいくら縮減できるかを根拠を含めて計数的に明らかにする。
添付資料
１．本様式に記載した手持ち工事の場所と契約対象工事現場との位置関係を明らかにした
地図を添付する。図面の縮尺は自由とするが、契約対象工事現場までの距離及び連絡経
路が分かるようにする。
２．当該手持ち工事に関する契約書等の写しを添付する。
様式５－２
手持ち工事の状況（対象工事関連）
記載要領
１．本様式は、契約対象工事と同種又は同類の手持ち工事のうち、契約対象工事の工事費
の縮減に寄与するものに限り、当該手持ち工事ごとに作成する。
２．
「経費削減可能額及びその計数的根拠」の欄においては、当該手持ち工事が契約対象
工事のどの経費をいくら縮減できるかを根拠を含めて計数的に明らかにする。
添付資料
当該手持ち工事に関する契約書等の写しを添付する。
様式６
契約対象工事箇所と入札者の事務所、倉庫等との関係
記載要領
１．本様式は、入札者の事務所、倉庫等のうち、契約対象工事の工事費の縮減に寄与する
ものについて作成する。
２．当該事務所、倉庫、資材保管場所等が近距離に存在することにより、契約対象工事に
関する現場事務所、
倉庫、
資材保管場所等に係る営繕費や資機材の運搬費、
通信交通費、
事務用品費など、
どの経費をいくら縮減できるかを根拠を含めて計数的に明らかにする。
添付書類
１．本様式に記載した入札者の事務所、倉庫等と契約対象工事箇所との位置関係を明らか
にした地図を添付する。図面の縮尺は自由とするが、契約対象工事箇所までの距離及び
連絡経路が分かるようにする。
２．本様式に記載した入札者の事務所、倉庫等の存在及び権原を証明する登記関係書類又
は賃借権を定めた契約書等の写しを添付する。
様式７－１
手持ち資材の状況
記載要領
１．本様式は、契約対象工事で使用する予定の手持ち資材について記載する。
２．
「単価（原価）
」の欄には、手持ち資材の原価を記載する（契約対象工事について発注
者から受け取る請負代金から支弁することを予定していない場合を含む。
）
。
例えば、使い切りの材料等については調達時の価格を、繰り返しの使用を予定する備
品等については摩耗や償却を適切に見込んだ価格を記載する。
３．
「調達先
（時期）
」
の欄には、
手持ち資材を調達した際の調達先とその時期を記載する。
添付書類
１．本様式に記載した手持ち資材について、その保有を証明する帳簿の写し及び写真（契
約対象工事に使用予定である旨を記載した予約書を当該資材固有の特徴が分かる部分
（固有番号等）付近に貼付してその付近を撮影したもの及び資材全体が分かるように撮
影したもの。
）を添付する。
２．本様式に記載した手持ち資材について、調達時の価格が確認できる契約書等の写しを
添付する。
資料７－２
資材購入予定先一覧
記載要領
１．
「単価」の欄には、購入予定業者から資材の納入を受ける際の支払予定の金額で、当
該業者の取引実績（過去１年以内の販売実績に限る。
）のある単価以上の金額等合理的
かつ現実的なものを記載する。
２．
「購入先名」の「入札者との関係」欄には、入札者と購入予定業者との関係を記載す
る。
（例）協力会社、同族会社、資本提携会社等
また、取引年数を括弧書きで記載する。
３．手持ち資材以外で自社製品の資材の活用を予定している場合についても本様式に記載
するものとし、
「単価」の欄に自社の製造部門が第三者と取引した際の販売実績額又は
製造原価（いずれも過去１年以内のものに限る。
）を、
「購入先名」の欄に当該製造部門
に関する事項を、それぞれ記載する。
添付書類
１．購入予定業者が押印した見積書及びその購入予定業者の取引実績（過去１年以内の販
売実績に限る。
）のある単価など見積書記載の金額の合理性かつ現実性を確認できる契
約書等の写しを添付する。
２．本様式の「購入先名」の「入札者との関係」欄に記載した関係を証明する規約、登録
書等を添付する。
３．自社製品の資材の活用を予定している場合は、本様式に記載した資材を製造している
ことを確認できる書面のほか、自社の製造部門が第三者と取引した際の販売実績額又は
製造原価（いずれも過去１年以内のものに限る。
）など本様式の「単価」欄の金額の合
理性かつ現実性を確認できる契約書等の写し、原価計算書等を添付する。
様式８－１
手持ち機械の状況
記載要領
１．本様式は、契約対象工事で使用する予定の手持ち機械について記載する。
２．
「単価（原価）
」の欄は、手持ち機械の使用に伴う原価を記載する（契約対象工事につ
いて発注者から受け取る請負代金から支弁することを予定していない場合を含む。
）
。
例えば、年間の維持管理費用（減価償却費を含む。
）を契約対象工事の専属的使用予
定日数で按分した金額に運転経費を加えた額を記載する。
添付書類
１．本様式に記載した手持ち機械について、その保有を証明する機械管理台帳等の写し及
び写真（契約対象工事に使用予定である旨を記載した出荷伝票を当該機械固有の特徴が
分かる部分（固有番号等）付近に貼付してその付近を撮影したもの及び機械全体が分か
るように撮影したもの。
）を添付する。
２．過去１年間の稼働状況など、本様式に記載した手持ち機械が契約対象工事で使用可能
な管理状態にあることを明らかにした書面を添付する。
３．本様式に記載した手持ち機械について、原価の算定根拠を明らかにした書面並びに固
定資産税（償却資産）に係る課税台帳登録事項証明書や納税申告における種類別明細書
など手持ち機械に係る所有者の氏名・名称及び住所、所在地、種類、数量、取得時期、
取得価格、評価額等の明細が明らかにされた書面及び当該年度の減価償却額（当該機械
に加えられた大規模補修に伴う追加償却に係るものを含む。
）を明らかにした書面を添
付する。
様式８－２
機械リース元一覧
記載要領
１．本様式は、入札者が直接機械のリースを受けようとする予定業者について作成する。
２．
「単価」の欄には、機械リース予定業者からリースを受ける際の支払予定の金額で、
当該業者の取引実績（過去１年以内のものに限る。
）のある単価以上の金額等合理的か
つ現実的なものを記載する。
３．
「リース元名」の「入札者との関係」欄には、入札者と機械リース予定業者との関係
を記載する。
（例）協力会社、同族会社、資本提携会社等
また、取引年数を括弧書きで記載する。
４．手持ち機械以外で自社の機械リース部門からのリースを予定している場合についても
本様式に記載するものとし、
「単価」の欄に、自社の機械リース部門が第三者と取引し
た際の実績額又は原価（例えば、年間の維持管理費用（減価償却費を含む。
）を契約対
象工事の専属的使用予定日数で按分した金額に運転経費を加えた額。
）
（いずれも過去１
年以内のものに限る。
）等合理的かつ現実的な額を、
「リース元名」の欄に当該機械リー
ス部門に関する事項を、それぞれ記載する。
添付書類
１．機械リース予定業者が押印した見積書及びその予定業者の取引実績（過去１年以内の
ものに限る。
）のある単価など見積書記載の金額の合理性かつ現実性を確認できる契約
書等の写しを添付する。
２．本様式の「リース元名」の「入札者との関係」欄に記載した関係を証明する規約、登
録書等を添付する。
３．自社の機械リース部門からのリースを予定している場合は、本様式に記載した機械を
リースしていることを確認できる書面のほか、自社の機械リース部門が第三者と取引し
た際の実績額又は原価（いずれも過去１年以内のものに限る。
）など本様式の「単価」
欄の金額の合理性かつ現実性を確認できる契約書等の写し、原価計算書等を添付する。
様式９－１
労務者の確保計画
記載要領
１．
自社労務者と下請労務者とを区別し、
自社労務者については労務単価、
員数とも
（
）
内に外書きする。
２．
「労務単価」の欄には、経費を除いた労務者に支払われる予定の日額賃金の額を記載
する。
自社労務者に係る労務単価については、契約対象工事について発注者から受け取る請
負代金から支弁することを予定していない場合にあっても、当該自社労務者に支払う予
定の賃金の額を記載する。
３．
「員数」の欄には、使用する労務者の延べ人数を記載する。
４．
「下請会社名等」の欄には、労務者を使用する下請会社名、入札者と当該下請会社と
の関係を記載する。
（例）協力会社、同族会社、資本提携会社等
取引年数を括弧書きで記載する。
添付書類
１．本様式に記載した自社労務者が自社社員であることを証明する書面及び過去３月分の
支払給与実績等が確認できる給与明細書又は労働基準法第108条の規定に基づく賃金台
帳の写し等を添付する。
２．自社労務者を資格の保有が必要な職種に充てようとするときは、その者が必要な資格
を有していることを証明する書面を添付する。
３．下請予定業者が使用する労務者に係る労務単価の見積額が、合理的かつ現実的な金額
であることを明らかにした書面は、様式３の添付資料として提出する。
様式９－２
工種別労務者配置計画
記載要領
１．
本様式には、
様式９－１の計画により確保する労務者の配置に関する計画を記載する。
２．
「配置予定人数」欄は、毎年度国土交通省が発表する「公共工事設計労務単価」の50
職種のうち必要な職種について記載する。
添付書類
本様式に記載した自社労務者の職種ごとの配置計画を添付する。
様式１０
建設副産物の搬出地
記載要領
１．契約対象工事で発生するすべての建設副産物について記載する。
２．
「受入れ価格」の欄には、建設副産物の受入れ予定会社が受け入れる予定の金額で、
当該会社の取引実績（過去１年以内の受入れ実績に限る。
）のある単価以上の金額等合
理的かつ現実的なものを記載する。
添付書類
１．受入れ予定会社が押印した受入れ承諾書を添付する。
２．受入れ予定会社が押印した見積書及びその受入れ予定会社の取引実績（過去１年以内
の受入れ実績に限る。
）のある単価など見積書記載の金額の合理性かつ現実性を確認で
きる契約書等の写しを添付する。
様式１１
建設副産物の搬出及び資材等の搬入に関する運搬計画書
記載要領
１．本様式は、様式11に記載した建設副産物の搬出、工事箇所への資材等の搬入、仮置き
場との間の土砂運搬等に関する事項のうち、入札者が直接運搬に関する契約を締結しよ
うとする運搬予定者に係るものについて記載する。
２．
「運搬予定者」の欄には、入札者が運搬を直接委託する予定の相手方を記載する。
３．本様式の作成に当たっては、建設副産物の搬出、資材等の搬入、仮置き場との間の土
砂運搬等に区分して記載するものとし、それぞれの記載の間に空白行を設けるものとす
る。
４．様式10に記載した建設副産物の搬出については、建設副産物及び受入れ予定箇所ごと
の運搬計画を記載するものとし、
「受入れ予定箇所又は工事理由」の欄には、様式10に
記載した建設副産物の受入れ予定箇所を記載する。
５．資材等の搬入については、契約対象工事における資材等の使用目的ごとに運搬計画を
記載するものとし、
「受入れ予定箇所又は工事理由」の欄には、当該資材等を用いる工
事内容の予定を記載する。
６．仮置き場との間の土砂運搬等については、土砂等の仮置き場ごとに運搬計画を記載す
るものとし、
「受入れ予定箇所又は工事理由」の欄には、土砂等の仮置き場の予定地を
記載する。
７．
「運搬予定者への支払予定額」の欄には、入札者が「運搬予定者」欄に記載の者と締
結する予定の契約における単価で、当該運搬予定者が取引した実績（過去１年以内の受
入れ実績に限る。
）のある単価以上の金額等合理的かつ現実的なものを記載する。
添付書類
１．
建設副産物の種類及び受入れ予定箇所ごとの運搬経路が確認できる地図等を添付する。
２．搬入する資材等の種類及び搬出元ごとの運搬経路が確認できる地図等を添付する。
３．仮置き場との間の土砂運搬等に係る運搬経路が確認できる地図等を添付する。
４．本様式に記載の運搬予定者が押印した見積書及びその運搬予定者の取引実績（過去１
年以内の受入れ実績に限る。
）のある単価など見積書記載の金額の合理性・現実性を確
認できる契約書等の写しを添付する。
様式１２－１
品質確保体制（品質管理のための人員体制）
記載要領
１．本様式には、工事の品質管理を行うための人員体制全般に関する事項のうち、様式13
-２で記載する品質確保のための各種試験等に要する体制及び様式12-３で記載する出来
形管理のための検査体制に関する事項以外の事項について記載する。
２．
「諸費用」の欄は、
「実施事項」の欄に記載した品質管理のための取組に要する費用に
ついて記載するものとし、当該取組に要する費用を積算内訳書上見込んでいる場合に、
「見込額」の欄には当該取組に要する費用の総額（契約対象工事について発注者から受
け取る請負代金から支弁することを予定していない場合を含む。
）
を、
「計上した工種等」
の欄には様式２－２の「工事区分・工種・種別・細目」のいずれに計上しているかを記
載する。
３．
「諸費用」の「技術者単価」の欄には、経費を除いた技術者に支払われる予定の賃金
の額を記載する。
添付書類
１．本様式の「諸費用」の「見込額」に記載した金額を、入札者（元請）が負担する場合
で、
「計上した工種等」に記載した費目に当該金額が計上されているかが様式２－２に
明示されていないときは、
「計上した工種等」に記載した費目に当該金額が計上されて
いることを明らかにした書面を添付する。
また、当該金額を下請予定業者が負担する場合は、下請代金の見積額のうち当該金額
に係る内訳額が明らかにされた下請予定業者の見積書を添付するとともに、当該金額に
関し、その下請予定業者が請け負った実績（過去１年以内のものに限る。
）のある単価
など見積書記載の金額の合理性かつ現実性を確認できる契約書等の写しを添付する。
２．本様式の「諸費用」の「技術者単価」の欄に記載された金額を、入札者（元請）が負
担する場合にあっては、
「氏名」欄の者に対して「立場」欄の業務を行う対価として支
払った過去３月分の給与実績等が確認可能な給与明細書又は労働基準法第108条の規定
に基づく賃金台帳の写し等を添付する。
本様式の「諸費用」の「技術者単価」の欄に記載された金額を、下請予定業者が負担
する場合にあっては、下請予定業者が過去１年以内に本様式に記載した品質管理体制と
同様の体制を確保した際の実績のある技術者単価が確認できる契約書等（経費内訳ごと
の金額を明らかにしたもの）を添付する（当分の間、上記の契約書等の書面に代えて、
その下請予定業者が技術者に支払った給与の実績が確認できる過去３月分の給与明細書
又は労働基準法第108条の規定に基づく賃金台帳の写しでも差し支えない。
）
。
様式１２－２
品質確保体制（品質管理計画書）
記載要領
１．本様式には、工事の品質確保のための各種試験等に要する体制のうち、様式12-３で
記載する出来形管理のための検査体制に関する事項以外の事項について記載する。
２．
「諸費用」の欄は、
「品質管理項目」の欄に記載した品質管理のための各種試験に要す
る費用について記載するものとし、当該試験に要する費用を積算内訳書上見込んでいる
場合に、
「見込額」の欄には当該試験に要する費用の総額を、
「計上した工種等」の欄に
は様式２－２の
「工事区分・工種・種別・細目」
のいずれに計上しているかを記載する。
添付書類
本様式の「諸費用」の「見込額」に記載した金額を、入札者（元請）が負担する場合で、
「計上した工種等」に記載した費目に当該金額が計上されているかが様式２－２に明示さ
れていないときは、
「計上した工種等」に記載した費目に当該金額が計上されていること
を明らかにした書面を添付する。
また、当該金額を下請予定業者が負担する場合は、下請代金の見積額のうち当該金額に
係る内訳額が明らかにされた下請予定業者の見積書を添付するとともに、
当該金額に関し、
その下請予定業者が請け負った実績（過去１年以内のものに限る。
）のある単価など見積
書記載の金額の合理性かつ現実性を確認できる契約書等の写しを添付する。
様式１２－３
品質確保体制（出来形管理計画書）
記載要領
１．本様式は、工事の品質確保のために行う出来形管理の検査体制に関する事項について
記載する。
２．
「諸費用」の欄には、
「出来形管理項目」の欄に記載した出来形管理のための各種検査
に要する費用について記載するものとし、当該検査に要する費用を積算内訳書上見込ん
でいる場合に、
「見込額」の欄には当該検査に要する費用の総額を、
「計上した工種等」
の欄には様式２－２の「工事区分・工種・種別・細目」のいずれに計上しているかを記
載する。
添付書類
本様式の「諸費用」の「見込額」に記載した金額を、入札者（元請）が負担する場合で、
「計上した工種等」に記載した費目に当該金額が計上されているかが様式２－２に明示さ
れていないときは、
「計上した工種等」に記載した費目に当該金額が計上されていること
を明らかにした書面を添付する。
また、当該金額を下請予定業者が負担する場合は、下請代金の見積額のうち当該金額に
係る内訳額が明らかにされた下請予定業者の見積書を添付するとともに、
当該金額に関し、
その下請予定業者が請け負った実績（過去１年以内のものに限る。
）のある単価など見積
書記載の金額の合理性かつ現実性を確認できる契約書等の写しを添付する。
様式１３－１
安全衛生管理体制（安全衛生教育等）
記載要領
１．本様式は、工事に係る安全衛生管理のための教育、訓練等に関する事項について記載
する。
２．
「諸費用」の欄は、
「実施内容」の欄に記載した教育、訓練等のための取組に要する費
用について記載するものとし、当該取組に要する費用を積算内訳書上見込んでいる場合
に、
「見込額」の欄には当該取組に要する費用の総額（契約対象工事について発注者か
ら受け取る請負代金から支弁することを予定していない場合を含む。
）を、
「計上した工
種等」の欄には様式２－２の「工事区分・工種・種別・細目」のいずれに計上している
かを記載する。
添付書類
本様式の「諸費用」の「見込額」に記載した金額を、入札者（元請）が負担する場合で、
「計上した工種等」に記載した費目に当該金額が計上されているかが様式２－２に明示さ
れていないときは、
「計上した工種等」に記載した費目に当該金額が計上されていること
を明らかにした書面を添付する。
また、当該金額を下請予定業者が負担する場合は、下請代金の見積額のうち当該金額に
係る内訳額が明らかにされた下請予定業者の見積書を添付するとともに、
当該金額に関し、
その下請予定業者が請け負った実績（過去１年以内のものに限る。
）のある単価など見積
書記載の金額の合理性かつ現実性を確認できる契約書等の写しを添付する。
様式１３－２
安全衛生管理体制（点検計画）
記載要領
１．本様式は、工事に係る安全衛生管理のために行う危険箇所の点検に関する計画につい
て記載する。
２．
「諸費用」の欄は、
「点検対象」
、
「対象区間」及び「時期・頻度」の欄に記載した点検
を実施するために要する費用について記載するものとし、当該点検に要する費用を積算
内訳書上見込んでいる場合に、
「見込額」の欄には当該点検に要する費用の総額を、
「計
上した工種等」の欄には様式２－２の「工事区分・工種・種別・細目」のいずれに計上
しているかを記載する。
３．
「諸費用」の「技術者単価」の欄には、経費を除いた技術者に支払う賃金の額を記載
する。
添付書類
１．本様式の「諸費用」の「見込額」に記載した金額を、入札者（元請）が負担する場合
で、
「計上した工種等」に記載した費目に当該金額が計上されているかが様式２－２に
明示されていないときは、
「計上した工種等」に記載した費目に当該金額が計上されて
いることを明らかにした書面を添付する。
また、当該金額を下請予定業者が負担する場合は、下請代金の見積額のうち当該金額
に係る内訳額が明らかにされた下請予定業者の見積書を添付するとともに、当該金額に
関し、その下請予定業者が請け負った実績（過去１年以内のものに限る。
）のある単価
など見積書記載の金額の合理性・現実性を確認できる契約書等の写しを添付する。
２．本様式の「諸費用」の「技術者単価」の欄に記載された金額を、入札者（元請）が負
担する場合にあっては、
「点検実施者」欄の者に対して支払った過去３月分の給与実績
等が確認可能な給与明細書又は労働基準法第108条の規定に基づく賃金台帳の写し等を
添付する。
本様式の「諸費用」の「技術者単価」の欄に記載された金額を、下請予定業者が負担
する場合にあっては、下請予定業者が過去１年以内に本様式に記載した安全衛生管理体
制と同様の体制を確保した際の実績のある技術者単価が確認できる契約書等（経費内訳
ごとの金額を明らかにしたもの）を添付する。
（当分の間、上記の契約書等の書面に代
えて、その下請予定業者が技術者に支払った給与の実績が確認できる過去３月分の給与
明細書又は労働基準法第108条の規定に基づく賃金台帳の写しでも差し支えない。
）
様式１３－３
安全衛生管理体制（仮設設置計画）
記載要領
１．本様式は、工事に係る安全衛生管理のために行う仮設備の設置に関する計画（仮設備
の点検に関する事項を除く。
）について記載する。
２．
「設置費用」の欄は、
「仮設備の内容」
、
「数量・単位」及び「設置期間」の欄に記載し
た仮設備の設置及びその管理に要する費用について記載するものとし、当該設置及び管
理に要する費用を積算内訳書上適切に見込んでいる場合に、
「見込額」の欄には当該設
置及び管理に要する費用の総額を、
「計上した工種等」の欄には様式２－２の「工事区
分・工種・種別・細目」のいずれに計上しているかを記載する。
３．仮設備の設置に要する諸費用と、その管理に要する諸費用の負担者がそれぞれ異なる
ときは、
「設置費用」の欄を二段書きにする。
添付書類
本様式の「設置費用」の「見込額」に記載した金額を、入札者（元請）が負担する場合
で、
「計上した工種等」に記載した費目に当該金額が計上されているかが様式２－２に明
示されていないときは、
「計上した工種等」に記載した費目に当該金額が計上されている
ことを明らかにした書面を添付する。
また、当該金額を下請予定業者が負担する場合は、下請代金の見積額のうち当該金額に
係る内訳額が明らかにされた下請予定業者の見積書を添付するとともに、
当該金額に関し、
その下請予定業者が請け負った実績（過去１年以内のものに限る。
）のある単価など見積
書記載の金額の合理性かつ現実性を確認できる契約書等の写しを添付する。
様式１３－４
安全衛生管理体制（交通誘導員配置計画）
記載要領
１．本様式は、交通誘導員の配置に要する費用を入札者（元請）が負担する場合、下請予
定者が負担する場合のいずれについても作成するものとする。
２．
「単価」の欄には、経費を含まない交通誘導員に支払われる予定の日額賃金の額を記
載する。
自社社員を交通誘導員に充てる場合の単価については、契約対象工事について発注者
から受け取る請負代金から支弁することを予定していない場合を含め、当該自社社員に
支払う予定の賃金の額を（
）内に外書きする。
３．
「員数」の欄には、配置する交通誘導員の人数を記載する。自社社員を交通誘導員に
充てる場合は、その員数を（
）内に外書きする。
添付書類
１．交通誘導員の派遣を受ける場合にあっては、派遣予定会社が押印した見積書並びにそ
の派遣予定会社の派遣実績（過去１年以内のものに限る。
）のある単価など見積書記載
の金額の合理性かつ現実性を確認できる契約書等の写しを添付する。
２．自社社員を交通誘導員に充てる場合にあっては、その者が自社社員であることを証明
する書面及び過去３月分の実績給与額等が確認できる給与明細書又は労働基準法第108
条の規定に基づく賃金台帳の写し等を添付する。
３．交通誘導員の配置方法、交通規制方法等を明らかにした配置図を添付する。
様式１４
誓約書
記載要領
１．本様式は、申込みを行った金額が、様式２－１の積算内訳書に示された施工に要する
費用の額を下回る場合に、代表取締役が記名・押印して作成する。
２．記１の「契約対象工事名」の欄には、特別重点調査の対象となった工事の名称を記載
する。
３．記２の「申込みに係る金額」の欄には、入札者が入札書に記載した金額（税込み）を
記載する。
４．記３の「契約対象工事の施工に要する費用の額」の欄には、様式２－１の積算内訳書
に示された施工に要する費用の額（本社経費など契約対象工事による請負代金額以外の
原資をもって充てることを予定している金額（いわゆるマイナス金額の一般管理費等）
を含む。
）
（税込み）を記載する。
５．
「○○○円」の部分には、記３の金額から記２の金額を控除して得た金額を記載する。
添付書類
１．当該年度において、契約対象工事以外の国土交通省地方整備局発注工事（港湾空港関
係を除く。
）に関し、特別重点調査を経て、入札者の積算における施工に要する費用の
額を下回る価格で受注した経歴を有する者は、受注した工事ごとにその下回る価格を記
載し、及び直近事業年度の営業利益金額を明らかにした書面を添付する。
２．直近事業年度の損益計算書の写しを添付する。
３．本様式の記４に記載する財源の確保方法に関し、その確実性を立証するための書面を
添付する。
様式１６
過去に施工した同種の公共工事名及び発注者
記載要領
１．本様式は、過去５年間に元請として施工した同種工事の実績について記載する。
この際、低入札価格調査の対象となった工事の実績を優先して記載するものとし、そ
の数が20を超えるときは、判明している落札率の低い順に20の工事の実績を選んで記載
する。
２．各工事ごとの予定価格、工事成績評定点等を記載する。ただし、予定価格が公表され
ていない場合、工事成績評定点が通知されていない場合等は、この限りでない。
